Archive member included to satisfy reference by file (symbol)

C:/ProgramData/MATLAB/SupportPackages/R2024b/3P.instrset/gnuarm-armcortex.instrset/win/bin/../lib/gcc/arm-none-eabi/13.2.1/thumb/v7e-m+fp/hard\libm.a(libm_a-w_fmod.o)
                              sads_balance_cubemodel.o (fmod)
C:/ProgramData/MATLAB/SupportPackages/R2024b/3P.instrset/gnuarm-armcortex.instrset/win/bin/../lib/gcc/arm-none-eabi/13.2.1/thumb/v7e-m+fp/hard\libm.a(libm_a-s_floor.o)
                              sads_balance_cubemodel.o (floor)
C:/ProgramData/MATLAB/SupportPackages/R2024b/3P.instrset/gnuarm-armcortex.instrset/win/bin/../lib/gcc/arm-none-eabi/13.2.1/thumb/v7e-m+fp/hard\libm.a(libm_a-e_fmod.o)
                              C:/ProgramData/MATLAB/SupportPackages/R2024b/3P.instrset/gnuarm-armcortex.instrset/win/bin/../lib/gcc/arm-none-eabi/13.2.1/thumb/v7e-m+fp/hard\libm.a(libm_a-w_fmod.o) (__ieee754_fmod)
C:/ProgramData/MATLAB/SupportPackages/R2024b/3P.instrset/gnuarm-armcortex.instrset/win/bin/../lib/gcc/arm-none-eabi/13.2.1/thumb/v7e-m+fp/hard\libgcc.a(_arm_muldf3.o)
                              MTi_Driver.o (__aeabi_dmul)
C:/ProgramData/MATLAB/SupportPackages/R2024b/3P.instrset/gnuarm-armcortex.instrset/win/bin/../lib/gcc/arm-none-eabi/13.2.1/thumb/v7e-m+fp/hard\libgcc.a(_arm_addsubdf3.o)
                              C:/ProgramData/MATLAB/SupportPackages/R2024b/3P.instrset/gnuarm-armcortex.instrset/win/bin/../lib/gcc/arm-none-eabi/13.2.1/thumb/v7e-m+fp/hard\libm.a(libm_a-s_floor.o) (__aeabi_dadd)
C:/ProgramData/MATLAB/SupportPackages/R2024b/3P.instrset/gnuarm-armcortex.instrset/win/bin/../lib/gcc/arm-none-eabi/13.2.1/thumb/v7e-m+fp/hard\libgcc.a(_arm_muldivdf3.o)
                              C:/ProgramData/MATLAB/SupportPackages/R2024b/3P.instrset/gnuarm-armcortex.instrset/win/bin/../lib/gcc/arm-none-eabi/13.2.1/thumb/v7e-m+fp/hard\libm.a(libm_a-w_fmod.o) (__aeabi_ddiv)
C:/ProgramData/MATLAB/SupportPackages/R2024b/3P.instrset/gnuarm-armcortex.instrset/win/bin/../lib/gcc/arm-none-eabi/13.2.1/thumb/v7e-m+fp/hard\libgcc.a(_arm_cmpdf2.o)
                              rt_nonfinite.o (__aeabi_dcmpeq)
C:/ProgramData/MATLAB/SupportPackages/R2024b/3P.instrset/gnuarm-armcortex.instrset/win/bin/../lib/gcc/arm-none-eabi/13.2.1/thumb/v7e-m+fp/hard\libgcc.a(_arm_unorddf2.o)
                              C:/ProgramData/MATLAB/SupportPackages/R2024b/3P.instrset/gnuarm-armcortex.instrset/win/bin/../lib/gcc/arm-none-eabi/13.2.1/thumb/v7e-m+fp/hard\libm.a(libm_a-w_fmod.o) (__aeabi_dcmpun)
C:/ProgramData/MATLAB/SupportPackages/R2024b/3P.instrset/gnuarm-armcortex.instrset/win/bin/../lib/gcc/arm-none-eabi/13.2.1/thumb/v7e-m+fp/hard\libgcc.a(_arm_truncdfsf2.o)
                              MTi_Driver.o (__aeabi_d2f)
C:/ProgramData/MATLAB/SupportPackages/R2024b/3P.instrset/gnuarm-armcortex.instrset/win/bin/../lib/gcc/arm-none-eabi/13.2.1/thumb/v7e-m+fp/hard\libgcc.a(_aeabi_uldivmod.o)
                              stm32f4xx_hal_rcc.o (__aeabi_uldivmod)
C:/ProgramData/MATLAB/SupportPackages/R2024b/3P.instrset/gnuarm-armcortex.instrset/win/bin/../lib/gcc/arm-none-eabi/13.2.1/thumb/v7e-m+fp/hard\libgcc.a(_udivmoddi4.o)
                              C:/ProgramData/MATLAB/SupportPackages/R2024b/3P.instrset/gnuarm-armcortex.instrset/win/bin/../lib/gcc/arm-none-eabi/13.2.1/thumb/v7e-m+fp/hard\libgcc.a(_aeabi_uldivmod.o) (__udivmoddi4)
C:/ProgramData/MATLAB/SupportPackages/R2024b/3P.instrset/gnuarm-armcortex.instrset/win/bin/../lib/gcc/arm-none-eabi/13.2.1/thumb/v7e-m+fp/hard\libgcc.a(_dvmd_tls.o)
                              C:/ProgramData/MATLAB/SupportPackages/R2024b/3P.instrset/gnuarm-armcortex.instrset/win/bin/../lib/gcc/arm-none-eabi/13.2.1/thumb/v7e-m+fp/hard\libgcc.a(_aeabi_uldivmod.o) (__aeabi_ldiv0)
C:/ProgramData/MATLAB/SupportPackages/R2024b/3P.instrset/gnuarm-armcortex.instrset/win/bin/../lib/gcc/arm-none-eabi/13.2.1/thumb/v7e-m+fp/hard\libc_nano.a(libc_a-exit.o)
                              C:/ProgramData/MATLAB/SupportPackages/R2024b/3P.instrset/gnuarm-armcortex.instrset/win/bin/../lib/gcc/arm-none-eabi/13.2.1/thumb/v7e-m+fp/hard/crt0.o (exit)
C:/ProgramData/MATLAB/SupportPackages/R2024b/3P.instrset/gnuarm-armcortex.instrset/win/bin/../lib/gcc/arm-none-eabi/13.2.1/thumb/v7e-m+fp/hard\libc_nano.a(libc_a-findfp.o)
                              C:/ProgramData/MATLAB/SupportPackages/R2024b/3P.instrset/gnuarm-armcortex.instrset/win/bin/../lib/gcc/arm-none-eabi/13.2.1/thumb/v7e-m+fp/hard\libc_nano.a(libc_a-exit.o) (__stdio_exit_handler)
C:/ProgramData/MATLAB/SupportPackages/R2024b/3P.instrset/gnuarm-armcortex.instrset/win/bin/../lib/gcc/arm-none-eabi/13.2.1/thumb/v7e-m+fp/hard\libc_nano.a(libc_a-fwalk.o)
                              C:/ProgramData/MATLAB/SupportPackages/R2024b/3P.instrset/gnuarm-armcortex.instrset/win/bin/../lib/gcc/arm-none-eabi/13.2.1/thumb/v7e-m+fp/hard\libc_nano.a(libc_a-findfp.o) (_fwalk_sglue)
[...]
Memory Configuration

Name             Origin             Length             Attributes
RAM              0x20000000         0x00020000         xrw
FLASH            0x08000000         0x00080000         xr
*default*        0x00000000         0xffffffff

Linker script and memory map

LOAD C:/ProgramData/MATLAB/SupportPackages/R2024b/3P.instrset/gnuarm-armcortex.instrset/win/bin/../lib/gcc/arm-none-eabi/13.2.1/thumb/v7e-m+fp/hard/crti.o
LOAD C:/ProgramData/MATLAB/SupportPackages/R2024b/3P.instrset/gnuarm-armcortex.instrset/win/bin/../lib/gcc/arm-none-eabi/13.2.1/thumb/v7e-m+fp/hard/crtbegin.o
LOAD C:/ProgramData/MATLAB/SupportPackages/R2024b/3P.instrset/gnuarm-armcortex.instrset/win/bin/../lib/gcc/arm-none-eabi/13.2.1/thumb/v7e-m+fp/hard/crt0.o
LOAD StepperDrive.o
LOAD mw_stm32_i2c_v1_ll.o
LOAD mw_stm32_utils.o
LOAD MTi_Driver.o
LOAD xbus.o
LOAD stm_timer_ll.o
LOAD mw_stm32_nvic.o
LOAD ert_main.o
LOAD rtGetInf.o
LOAD rtGetNaN.o
LOAD rt_nonfinite.o
LOAD sads_balance_cubemodel.o
LOAD sads_balance_cubemodel_data.o
LOAD overrideHALDelay.o
LOAD platform_timer.o
LOAD SysTickScheduler.o
LOAD m3m4m4f_multitasking.o
LOAD main.o
LOAD gpio.o
LOAD dma.o
LOAD i2c.o
LOAD tim.o
LOAD usart.o
LOAD stm32f4xx_it.o
LOAD stm32f4xx_hal_msp.o
LOAD stm32f4xx_hal_timebase_tim.o
LOAD stm32f4xx_ll_gpio.o
LOAD stm32f4xx_ll_dma.o
LOAD stm32f4xx_ll_i2c.o
LOAD stm32f4xx_ll_rcc.o
LOAD stm32f4xx_ll_utils.o
LOAD stm32f4xx_ll_exti.o
LOAD stm32f4xx_hal_rcc.o
LOAD stm32f4xx_hal_rcc_ex.o
LOAD stm32f4xx_hal_flash.o
LOAD stm32f4xx_hal_flash_ex.o
LOAD stm32f4xx_hal_flash_ramfunc.o
LOAD stm32f4xx_hal_gpio.o
LOAD stm32f4xx_hal_dma_ex.o
LOAD stm32f4xx_hal_dma.o
LOAD stm32f4xx_hal_pwr.o
LOAD stm32f4xx_hal_pwr_ex.o
LOAD stm32f4xx_hal_cortex.o
LOAD stm32f4xx_hal.o
LOAD stm32f4xx_hal_exti.o
LOAD stm32f4xx_hal_tim.o
LOAD stm32f4xx_hal_tim_ex.o
LOAD stm32f4xx_ll_tim.o
LOAD stm32f4xx_ll_usart.o
LOAD system_stm32f4xx.o
LOAD syscalls.o
LOAD sysmem.o
LOAD startup_stm32f446retx.o
LOAD C:/ProgramData/MATLAB/SupportPackages/R2024b/3P.instrset/cmsis_dsp.instrset/Lib/GCC/arm_cortexm4ldfsp_math/libCMSISDSP.a
LOAD C:/ProgramData/MATLAB/SupportPackages/R2024b/toolbox/shared/supportpackages/stm32/lib/GCC/libmw_pdmfilter_m4_spfp.lib
LOAD C:/ProgramData/MATLAB/SupportPackages/R2024b/3P.instrset/gnuarm-armcortex.instrset/win/bin/../lib/gcc/arm-none-eabi/13.2.1/thumb/v7e-m+fp/hard\libstdc++_nano.a
LOAD C:/ProgramData/MATLAB/SupportPackages/R2024b/3P.instrset/gnuarm-armcortex.instrset/win/bin/../lib/gcc/arm-none-eabi/13.2.1/thumb/v7e-m+fp/hard\libm.a
START GROUP
LOAD C:/ProgramData/MATLAB/SupportPackages/R2024b/3P.instrset/gnuarm-armcortex.instrset/win/bin/../lib/gcc/arm-none-eabi/13.2.1/thumb/v7e-m+fp/hard\libgcc.a
LOAD C:/ProgramData/MATLAB/SupportPackages/R2024b/3P.instrset/gnuarm-armcortex.instrset/win/bin/../lib/gcc/arm-none-eabi/13.2.1/thumb/v7e-m+fp/hard\libc_nano.a
END GROUP
START GROUP
LOAD C:/ProgramData/MATLAB/SupportPackages/R2024b/3P.instrset/gnuarm-armcortex.instrset/win/bin/../lib/gcc/arm-none-eabi/13.2.1/thumb/v7e-m+fp/hard\libgcc.a
LOAD C:/ProgramData/MATLAB/SupportPackages/R2024b/3P.instrset/gnuarm-armcortex.instrset/win/bin/../lib/gcc/arm-none-eabi/13.2.1/thumb/v7e-m+fp/hard\libc_nano.a
LOAD C:/ProgramData/MATLAB/SupportPackages/R2024b/3P.instrset/gnuarm-armcortex.instrset/win/bin/../lib/gcc/arm-none-eabi/13.2.1/thumb/v7e-m+fp/hard\libnosys.a
END GROUP
START GROUP
LOAD C:/ProgramData/MATLAB/SupportPackages/R2024b/3P.instrset/gnuarm-armcortex.instrset/win/bin/../lib/gcc/arm-none-eabi/13.2.1/thumb/v7e-m+fp/hard\libgcc.a
LOAD C:/ProgramData/MATLAB/SupportPackages/R2024b/3P.instrset/gnuarm-armcortex.instrset/win/bin/../lib/gcc/arm-none-eabi/13.2.1/thumb/v7e-m+fp/hard\libc_nano.a
LOAD C:/ProgramData/MATLAB/SupportPackages/R2024b/3P.instrset/gnuarm-armcortex.instrset/win/bin/../lib/gcc/arm-none-eabi/13.2.1/thumb/v7e-m+fp/hard\libnosys.a
END GROUP
LOAD C:/ProgramData/MATLAB/SupportPackages/R2024b/3P.instrset/gnuarm-armcortex.instrset/win/bin/../lib/gcc/arm-none-eabi/13.2.1/thumb/v7e-m+fp/hard/crtend.o
LOAD C:/ProgramData/MATLAB/SupportPackages/R2024b/3P.instrset/gnuarm-armcortex.instrset/win/bin/../lib/gcc/arm-none-eabi/13.2.1/thumb/v7e-m+fp/hard/crtn.o
                0x20020000                        _estack = (ORIGIN (RAM) + LENGTH (RAM))
                0x00000200                        _Min_Heap_Size = 0x200
                0x00000400                        _Min_Stack_Size = 0x400

.isr_vector     0x08000000      0x1c4
                0x08000000                        . = ALIGN (0x4)
 *(.isr_vector)
 .isr_vector    0x08000000      0x1c4 startup_stm32f446retx.o
                0x08000000                g_pfnVectors
                0x080001c4                        . = ALIGN (0x4)

.text           0x080001c8     0x67f4
                0x080001c8                        . = ALIGN (0x4)
 *(.text)
 .text          0x080001c8      0x378 C:/ProgramData/MATLAB/SupportPackages/R2024b/3P.instrset/gnuarm-armcortex.instrset/win/bin/../lib/gcc/arm-none-eabi/13.2.1/thumb/v7e-m+fp/hard\libgcc.a(_arm_addsubdf3.o)
                0x080001c8                __aeabi_drsub
                0x080001d0                __aeabi_dsub
                0x080001d0                __subdf3
                0x080001d4                __aeabi_dadd
                0x080001d4                __adddf3
                0x0800044c                __floatunsidf
                0x0800044c                __aeabi_ui2d
                0x0800046c                __floatsidf
                0x0800046c                __aeabi_i2d
                0x08000490                __aeabi_f2d
                0x08000490                __extendsfdf2
                0x080004d4                __floatundidf
                0x080004d4                __aeabi_ul2d
                0x080004e4                __floatdidf
                0x080004e4                __aeabi_l2d
 .text          0x08000540      0x424 C:/ProgramData/MATLAB/SupportPackages/R2024b/3P.instrset/gnuarm-armcortex.instrset/win/bin/../lib/gcc/arm-none-eabi/13.2.1/thumb/v7e-m+fp/hard\libgcc.a(_arm_muldivdf3.o)
                0x08000540                __aeabi_dmul
                0x08000540                __muldf3
                0x08000794                __divdf3
                0x08000794                __aeabi_ddiv
 .text          0x08000964      0x110 C:/ProgramData/MATLAB/SupportPackages/R2024b/3P.instrset/gnuarm-armcortex.instrset/win/bin/../lib/gcc/arm-none-eabi/13.2.1/thumb/v7e-m+fp/hard\libgcc.a(_arm_cmpdf2.o)
                0x08000964                __gtdf2
                0x08000964                __gedf2
                0x0800096c                __ltdf2
                0x0800096c                __ledf2
                0x08000974                __nedf2
                0x08000974                __eqdf2
                0x08000974                __cmpdf2
                0x080009f0                __aeabi_cdrcmple
                0x08000a00                __aeabi_cdcmpeq
                0x08000a00                __aeabi_cdcmple
                0x08000a10                __aeabi_dcmpeq
                0x08000a24                __aeabi_dcmplt
                0x08000a38                __aeabi_dcmple
                0x08000a4c                __aeabi_dcmpge
                0x08000a60                __aeabi_dcmpgt
 .text          0x08000a74       0x2c C:/ProgramData/MATLAB/SupportPackages/R2024b/3P.instrset/gnuarm-armcortex.instrset/win/bin/../lib/gcc/arm-none-eabi/13.2.1/thumb/v7e-m+fp/hard\libgcc.a(_arm_unorddf2.o)
                0x08000a74                __unorddf2
                0x08000a74                __aeabi_dcmpun
 .text          0x08000aa0       0xa0 C:/ProgramData/MATLAB/SupportPackages/R2024b/3P.instrset/gnuarm-armcortex.instrset/win/bin/../lib/gcc/arm-none-eabi/13.2.1/thumb/v7e-m+fp/hard\libgcc.a(_arm_truncdfsf2.o)
                0x08000aa0                __truncdfsf2
                0x08000aa0                __aeabi_d2f
 .text          0x08000b40       0x30 C:/ProgramData/MATLAB/SupportPackages/R2024b/3P.instrset/gnuarm-armcortex.instrset/win/bin/../lib/gcc/arm-none-eabi/13.2.1/thumb/v7e-m+fp/hard\libgcc.a(_aeabi_uldivmod.o)
                0x08000b40                __aeabi_uldivmod
 .text          0x08000b70        0x4 C:/ProgramData/MATLAB/SupportPackages/R2024b/3P.instrset/gnuarm-armcortex.instrset/win/bin/../lib/gcc/arm-none-eabi/13.2.1/thumb/v7e-m+fp/hard\libgcc.a(_dvmd_tls.o)
                0x08000b70                __aeabi_idiv0
                0x08000b70                __aeabi_ldiv0
 *(.text*)
 .text.deregister_tm_clones
                0x08000b74       0x1c C:/ProgramData/MATLAB/SupportPackages/R2024b/3P.instrset/gnuarm-armcortex.instrset/win/bin/../lib/gcc/arm-none-eabi/13.2.1/thumb/v7e-m+fp/hard/crtbegin.o
 .text.register_tm_clones
                0x08000b90       0x24 C:/ProgramData/MATLAB/SupportPackages/R2024b/3P.instrset/gnuarm-armcortex.instrset/win/bin/../lib/gcc/arm-none-eabi/13.2.1/thumb/v7e-m+fp/hard/crtbegin.o
 .text.__do_global_dtors_aux
                0x08000bb4       0x28 C:/ProgramData/MATLAB/SupportPackages/R2024b/3P.instrset/gnuarm-armcortex.instrset/win/bin/../lib/gcc/arm-none-eabi/13.2.1/thumb/v7e-m+fp/hard/crtbegin.o
 .text.frame_dummy
                0x08000bdc       0x24 C:/ProgramData/MATLAB/SupportPackages/R2024b/3P.instrset/gnuarm-armcortex.instrset/win/bin/../lib/gcc/arm-none-eabi/13.2.1/thumb/v7e-m+fp/hard/crtbegin.o
 .text.StepperDrive_Init
                0x08000c00       0x34 StepperDrive.o
                0x08000c00                StepperDrive_Init
 .text.StepperDrive_Step
                0x08000c34      0x194 StepperDrive.o
                0x08000c34                StepperDrive_Step
 .text.LL_I2C_Enable
                0x08000dc8       0x20 mw_stm32_i2c_v1_ll.o
 .text.LL_I2C_Disable
                0x08000de8       0x20 mw_stm32_i2c_v1_ll.o
 .text.LL_I2C_IsEnabled
                0x08000e08       0x26 mw_stm32_i2c_v1_ll.o
 .text.LL_I2C_IsActiveFlag_TXE
                0x08000e2e       0x26 mw_stm32_i2c_v1_ll.o
 .text.LL_I2C_IsActiveFlag_BTF
                0x08000e54       0x26 mw_stm32_i2c_v1_ll.o
 .text.LL_I2C_IsActiveFlag_RXNE
                0x08000e7a       0x26 mw_stm32_i2c_v1_ll.o
 .text.LL_I2C_IsActiveFlag_SB
                0x08000ea0       0x26 mw_stm32_i2c_v1_ll.o
 .text.LL_I2C_IsActiveFlag_ADDR
                0x08000ec6       0x26 mw_stm32_i2c_v1_ll.o
 .text.LL_I2C_IsActiveFlag_AF
                0x08000eec       0x28 mw_stm32_i2c_v1_ll.o
 .text.LL_I2C_IsActiveFlag_STOP
                0x08000f14       0x26 mw_stm32_i2c_v1_ll.o
 .text.LL_I2C_IsActiveFlag_BERR
                0x08000f3a       0x28 mw_stm32_i2c_v1_ll.o
 .text.LL_I2C_IsActiveFlag_ARLO
                0x08000f62       0x28 mw_stm32_i2c_v1_ll.o
 .text.LL_I2C_ClearFlag_ADDR
                0x08000f8a       0x24 mw_stm32_i2c_v1_ll.o
 .text.LL_I2C_ClearFlag_AF
                0x08000fae       0x20 mw_stm32_i2c_v1_ll.o
 .text.LL_I2C_ClearFlag_STOP
                0x08000fce       0x28 mw_stm32_i2c_v1_ll.o
 .text.LL_I2C_ClearFlag_BERR
                0x08000ff6       0x20 mw_stm32_i2c_v1_ll.o
 .text.LL_I2C_ClearFlag_ARLO
                0x08001016       0x20 mw_stm32_i2c_v1_ll.o
 .text.LL_I2C_EnableReset
                0x08001036       0x20 mw_stm32_i2c_v1_ll.o
 .text.LL_I2C_DisableReset
                0x08001056       0x20 mw_stm32_i2c_v1_ll.o
 .text.LL_I2C_AcknowledgeNextData
                0x08001076       0x26 mw_stm32_i2c_v1_ll.o
 .text.LL_I2C_GenerateStartCondition
                0x0800109c       0x20 mw_stm32_i2c_v1_ll.o
 .text.LL_I2C_GenerateStopCondition
                0x080010bc       0x20 mw_stm32_i2c_v1_ll.o
 .text.LL_I2C_EnableBitPOS
                0x080010dc       0x20 mw_stm32_i2c_v1_ll.o
 .text.LL_I2C_DisableBitPOS
                0x080010fc       0x20 mw_stm32_i2c_v1_ll.o
 .text.LL_I2C_ReceiveData8
                0x0800111c       0x1a mw_stm32_i2c_v1_ll.o
 .text.LL_I2C_TransmitData8
                0x08001136       0x28 mw_stm32_i2c_v1_ll.o
 .text.I2C_SwReset
                0x0800115e       0x66 mw_stm32_i2c_v1_ll.o
 .text.I2C_Init
                0x080011c4       0xcc mw_stm32_i2c_v1_ll.o
                0x080011c4                I2C_Init
 .text.I2C_GetErrorStatus
                0x08001290       0x8c mw_stm32_i2c_v1_ll.o
 .text.I2C_CheckFlagTimeout
                0x0800131c       0x72 mw_stm32_i2c_v1_ll.o
                0x0800131c                I2C_CheckFlagTimeout
 *fill*         0x0800138e        0x2 
 .text.I2C_Controller_TransmitData_Polling
                0x08001390      0x1b0 mw_stm32_i2c_v1_ll.o
                0x08001390                I2C_Controller_TransmitData_Polling
 .text.I2C_Controller_ReceiveData_Polling
                0x08001540      0x328 mw_stm32_i2c_v1_ll.o
                0x08001540                I2C_Controller_ReceiveData_Polling
 .text.MTi_Driver_Init
                0x08001868        0xe MTi_Driver.o
                0x08001868                MTi_Driver_Init
 *fill*         0x08001876        0x2 
 .text.MTi_Driver_Step
                0x08001878      0x298 MTi_Driver.o
                0x08001878                MTi_Driver_Step
 .text.extractUint8
                0x08001b10       0x30 xbus.o
                0x08001b10                extractUint8
 .text.extractUint16
                0x08001b40       0x60 xbus.o
                0x08001b40                extractUint16
 .text.extractUint32
                0x08001ba0       0x94 xbus.o
                0x08001ba0                extractUint32
 .text.extractFloat
                0x08001c34       0x2a xbus.o
                0x08001c34                extractFloat
 .text.LL_TIM_GetCounterMode
                0x08001c5e       0x30 stm_timer_ll.o
 .text.LL_TIM_GetCounter
                0x08001c8e       0x18 stm_timer_ll.o
 .text.LL_TIM_GetRepetitionCounter
                0x08001ca6       0x18 stm_timer_ll.o
 .text.LL_TIM_EnableAllOutputs
                0x08001cbe       0x20 stm_timer_ll.o
 .text.LL_TIM_EnableIT_UPDATE
                0x08001cde       0x20 stm_timer_ll.o
 .text.LL_TIM_DisableIT_UPDATE
                0x08001cfe       0x20 stm_timer_ll.o
 .text.LL_TIM_IsEnabledIT_UPDATE
                0x08001d1e       0x26 stm_timer_ll.o
 .text.LL_TIM_EnableIT_CC1
                0x08001d44       0x20 stm_timer_ll.o
 .text.LL_TIM_DisableIT_CC1
                0x08001d64       0x20 stm_timer_ll.o
 .text.LL_TIM_IsEnabledIT_CC1
                0x08001d84       0x26 stm_timer_ll.o
 .text.LL_TIM_EnableIT_CC2
                0x08001daa       0x20 stm_timer_ll.o
 .text.LL_TIM_DisableIT_CC2
                0x08001dca       0x20 stm_timer_ll.o
 .text.LL_TIM_IsEnabledIT_CC2
                0x08001dea       0x26 stm_timer_ll.o
 .text.LL_TIM_EnableIT_CC3
                0x08001e10       0x20 stm_timer_ll.o
 .text.LL_TIM_DisableIT_CC3
                0x08001e30       0x20 stm_timer_ll.o
 .text.LL_TIM_IsEnabledIT_CC3
                0x08001e50       0x26 stm_timer_ll.o
 .text.LL_TIM_EnableIT_CC4
                0x08001e76       0x20 stm_timer_ll.o
 .text.LL_TIM_DisableIT_CC4
                0x08001e96       0x20 stm_timer_ll.o
 .text.LL_TIM_IsEnabledIT_CC4
                0x08001eb6       0x26 stm_timer_ll.o
 .text.LL_TIM_EnableIT_COM
                0x08001edc       0x20 stm_timer_ll.o
 .text.LL_TIM_DisableIT_COM
                0x08001efc       0x20 stm_timer_ll.o
 .text.LL_TIM_IsEnabledIT_COM
                0x08001f1c       0x26 stm_timer_ll.o
 .text.LL_TIM_EnableIT_TRIG
                0x08001f42       0x20 stm_timer_ll.o
 .text.LL_TIM_DisableIT_TRIG
                0x08001f62       0x20 stm_timer_ll.o
 .text.LL_TIM_IsEnabledIT_TRIG
                0x08001f82       0x26 stm_timer_ll.o
 .text.LL_TIM_EnableIT_BRK
                0x08001fa8       0x20 stm_timer_ll.o
 .text.LL_TIM_DisableIT_BRK
                0x08001fc8       0x20 stm_timer_ll.o
 .text.LL_TIM_IsEnabledIT_BRK
                0x08001fe8       0x26 stm_timer_ll.o
 .text.enableTimerInterrupts
                0x0800200e      0x134 stm_timer_ll.o
                0x0800200e                enableTimerInterrupts
 .text.disableTimerInterrupts
                0x08002142      0x134 stm_timer_ll.o
                0x08002142                disableTimerInterrupts
 *fill*         0x08002276        0x2 
 .text.Timer_Handle_Init
                0x08002278       0xa4 stm_timer_ll.o
                0x08002278                Timer_Handle_Init
 .text.getTimerCounterValue
                0x0800231c       0x1c stm_timer_ll.o
                0x0800231c                getTimerCounterValue
 .text.__NVIC_SetPriority
                0x08002338       0x54 mw_stm32_nvic.o
 .text.MW_NVIC_ConfigureIRQ
                0x0800238c       0x26 mw_stm32_nvic.o
                0x0800238c                MW_NVIC_ConfigureIRQ
 *fill*         0x080023b2        0x2 
 .text.rt_OneStep
                0x080023b4       0x4c ert_main.o
                0x080023b4                rt_OneStep
 .text.main     0x08002400       0xe0 ert_main.o
                0x08002400                main
 .text.rtGetInf
                0x080024e0       0x60 rtGetInf.o
                0x080024e0                rtGetInf
 .text.rtGetInfF
                0x08002540       0x20 rtGetInf.o
                0x08002540                rtGetInfF
 .text.rtGetMinusInf
                0x08002560       0x60 rtGetInf.o
                0x08002560                rtGetMinusInf
 .text.rtGetMinusInfF
                0x080025c0       0x24 rtGetInf.o
                0x080025c0                rtGetMinusInfF
 .text.rtGetNaN
                0x080025e4       0x60 rtGetNaN.o
                0x080025e4                rtGetNaN
 .text.rtGetNaNF
                0x08002644       0x28 rtGetNaN.o
                0x08002644                rtGetNaNF
 .text.rt_InitInfAndNaN
                0x0800266c       0x88 rt_nonfinite.o
                0x0800266c                rt_InitInfAndNaN
 .text.rtIsInfF
                0x080026f4       0x4c rt_nonfinite.o
                0x080026f4                rtIsInfF
 .text.rtIsNaNF
                0x08002740       0x38 rt_nonfinite.o
                0x08002740                rtIsNaNF
 .text.__NVIC_EnableIRQ
                0x08002778       0x3c sads_balance_cubemodel.o
 .text.__NVIC_DisableIRQ
                0x080027b4       0x48 sads_balance_cubemodel.o
 .text.LL_TIM_EnableCounter
                0x080027fc       0x20 sads_balance_cubemodel.o
 .text.LL_TIM_DisableCounter
                0x0800281c       0x20 sads_balance_cubemodel.o
 .text.LL_TIM_SetUpdateSource
                0x0800283c       0x26 sads_balance_cubemodel.o
 .text.LL_TIM_GetUpdateSource
                0x08002862       0x1c sads_balance_cubemodel.o
 .text.LL_TIM_SetRepetitionCounter
                0x0800287e       0x1c sads_balance_cubemodel.o
 .text.LL_TIM_ClearFlag_UPDATE
                0x0800289a       0x1c sads_balance_cubemodel.o
 .text.LL_TIM_IsActiveFlag_UPDATE
                0x080028b6       0x26 sads_balance_cubemodel.o
 .text.LL_TIM_IsEnabledIT_UPDATE
                0x080028dc       0x26 sads_balance_cubemodel.o
 .text.LL_TIM_GenerateEvent_UPDATE
                0x08002902       0x20 sads_balance_cubemodel.o
 .text.isSlaveTriggerModeEnabled
                0x08002922       0x2c sads_balance_cubemodel.o
 *fill*         0x0800294e        0x2 
 .text.enableCounter
                0x08002950       0xb8 sads_balance_cubemodel.o
 .text.disableCounter
                0x08002a08       0x1a sads_balance_cubemodel.o
 *fill*         0x08002a22        0x2 
 .text.sads_balance_c_SystemCore_setup
                0x08002a24       0x5c sads_balance_cubemodel.o
 .text.sads_balanc_SystemCore_setup_f3
                0x08002a80       0x6a sads_balance_cubemodel.o
 *fill*         0x08002aea        0x6 
 .text.sads_balance_cubemodel_step
                0x08002af0      0x3f8 sads_balance_cubemodel.o
                0x08002af0                sads_balance_cubemodel_step
 .text.sads_balance_cubemodel_initialize
                0x08002ee8       0xd8 sads_balance_cubemodel.o
                0x08002ee8                sads_balance_cubemodel_initialize
 .text.sads_balance_cubemodel_terminate
                0x08002fc0       0x88 sads_balance_cubemodel.o
                0x08002fc0                sads_balance_cubemodel_terminate
 .text.sads_balance_cubemodel_configure_interrupts
                0x08003048       0x1c sads_balance_cubemodel.o
                0x08003048                sads_balance_cubemodel_configure_interrupts
 .text.TIM2_IRQHandler
                0x08003064       0x78 sads_balance_cubemodel.o
                0x08003064                TIM2_IRQHandler
 .text.sads_balance_cubemodel_unconfigure_interrupts
                0x080030dc        0xe sads_balance_cubemodel.o
                0x080030dc                sads_balance_cubemodel_unconfigure_interrupts
 *fill*         0x080030ea        0x2 
 .text.PeriphCommonClock_Config
                0x080030ec       0x10 platform_timer.o
                0x080030ec                PeriphCommonClock_Config
 .text.__NVIC_SetPriority
                0x080030fc       0x54 SysTickScheduler.o
 .text.SysTick_Config
                0x08003150       0x44 SysTickScheduler.o
 .text.SysTick_Isr
                0x08003194       0x48 SysTickScheduler.o
 .text.SysTick_Handler
                0x080031dc       0x20 SysTickScheduler.o
                0x080031dc                SysTick_Handler
 .text.ARMCM_SysTick_Config
                0x080031fc       0xb8 SysTickScheduler.o
                0x080031fc                ARMCM_SysTick_Config
 .text.PendSV_Handler
                0x080032b4       0x44 m3m4m4f_multitasking.o
                0x080032b4                PendSV_Handler
 .text.SVC_Handler
                0x080032f8       0x58 m3m4m4f_multitasking.o
                0x080032f8                SVC_Handler
 .text.LL_RCC_HSI_Enable
                0x08003350       0x20 main.o
 .text.LL_RCC_HSI_IsReady
                0x08003370       0x24 main.o
 .text.LL_RCC_HSI_SetCalibTrimming
                0x08003394       0x2c main.o
 .text.LL_RCC_SetSysClkSource
                0x080033c0       0x28 main.o
 .text.LL_RCC_GetSysClkSource
                0x080033e8       0x1c main.o
 .text.LL_RCC_SetAHBPrescaler
                0x08003404       0x28 main.o
 .text.LL_RCC_SetAPB1Prescaler
                0x0800342c       0x28 main.o
 .text.LL_RCC_SetAPB2Prescaler
                0x08003454       0x28 main.o
 .text.LL_RCC_SetTIMPrescaler
                0x0800347c       0x2c main.o
 .text.LL_RCC_PLL_Enable
                0x080034a8       0x20 main.o
 .text.LL_RCC_PLL_IsReady
                0x080034c8       0x28 main.o
 .text.LL_RCC_PLL_ConfigDomain_SYS
                0x080034f0       0x5c main.o
 .text.LL_FLASH_SetLatency
                0x0800354c       0x28 main.o
 .text.LL_FLASH_GetLatency
                0x08003574       0x1c main.o
 .text.LL_PWR_EnableOverDriveMode
                0x08003590       0x20 main.o
 .text.LL_PWR_SetRegulVoltageScaling
                0x080035b0       0x28 main.o
 .text.SystemClock_Config
                0x080035d8       0xa0 main.o
                0x080035d8                SystemClock_Config
 .text.HAL_TIM_PeriodElapsedCallback
                0x08003678       0x24 main.o
                0x08003678                HAL_TIM_PeriodElapsedCallback
 .text.Error_Handler
                0x0800369c        0xc main.o
                0x0800369c                Error_Handler
 .text.__NVIC_GetPriorityGrouping
                0x080036a8       0x1c gpio.o
 .text.__NVIC_EnableIRQ
                0x080036c4       0x3c gpio.o
 .text.__NVIC_SetPriority
                0x08003700       0x54 gpio.o
 .text.NVIC_EncodePriority
                0x08003754       0x66 gpio.o
 *fill*         0x080037ba        0x2 
 .text.LL_AHB1_GRP1_EnableClock
                0x080037bc       0x30 gpio.o
 .text.LL_SYSCFG_SetEXTISource
                0x080037ec       0x6c gpio.o
 .text.LL_GPIO_SetPinMode
                0x08003858       0x7a gpio.o
 .text.LL_GPIO_SetPinPull
                0x080038d2       0x7a gpio.o
 .text.LL_GPIO_SetOutputPin
                0x0800394c       0x1c gpio.o
 .text.LL_GPIO_ResetOutputPin
                0x08003968       0x1e gpio.o
 *fill*         0x08003986        0x2 
 .text.MX_GPIO_Init
                0x08003988      0x188 gpio.o
                0x08003988                MX_GPIO_Init
 .text.__NVIC_GetPriorityGrouping
                0x08003b10       0x1c dma.o
 .text.__NVIC_EnableIRQ
                0x08003b2c       0x3c dma.o
 .text.__NVIC_SetPriority
                0x08003b68       0x54 dma.o
 .text.NVIC_EncodePriority
                0x08003bbc       0x66 dma.o
 *fill*         0x08003c22        0x2 
 .text.LL_AHB1_GRP1_EnableClock
                0x08003c24       0x30 dma.o
 .text.MX_DMA_Init
                0x08003c54       0x30 dma.o
                0x08003c54                MX_DMA_Init
 .text.LL_I2C_EnableClockStretching
                0x08003c84       0x20 i2c.o
 .text.LL_I2C_DisableGeneralCall
                0x08003ca4       0x20 i2c.o
 .text.LL_I2C_SetOwnAddress2
                0x08003cc4       0x26 i2c.o
 .text.LL_I2C_DisableOwnAddress2
                0x08003cea       0x20 i2c.o
 *fill*         0x08003d0a        0x2 
 .text.LL_AHB1_GRP1_EnableClock
                0x08003d0c       0x30 i2c.o
 .text.LL_APB1_GRP1_EnableClock
                0x08003d3c       0x30 i2c.o
 .text.MX_I2C1_Init
                0x08003d6c       0xb0 i2c.o
                0x08003d6c                MX_I2C1_Init
 .text.__NVIC_GetPriorityGrouping
                0x08003e1c       0x1c tim.o
 .text.__NVIC_EnableIRQ
                0x08003e38       0x3c tim.o
 .text.__NVIC_SetPriority
                0x08003e74       0x54 tim.o
 .text.NVIC_EncodePriority
                0x08003ec8       0x66 tim.o
 *fill*         0x08003f2e        0x2 
 .text.LL_APB1_GRP1_EnableClock
                0x08003f30       0x30 tim.o
 .text.LL_TIM_DisableARRPreload
                0x08003f60       0x20 tim.o
 .text.LL_TIM_SetClockSource
                0x08003f80       0x2a tim.o
 .text.LL_TIM_SetTriggerOutput
                0x08003faa       0x26 tim.o
 .text.LL_TIM_DisableMasterSlaveMode
                0x08003fd0       0x20 tim.o
 .text.MX_TIM2_Init
                0x08003ff0       0x84 tim.o
                0x08003ff0                MX_TIM2_Init
 .text.LL_DMA_SetDataTransferDirection
                0x08004074       0x48 usart.o
 .text.LL_DMA_SetMode
                0x080040bc       0x48 usart.o
 .text.LL_DMA_SetPeriphIncMode
                0x08004104       0x48 usart.o
 .text.LL_DMA_SetMemoryIncMode
                0x0800414c       0x48 usart.o
 .text.LL_DMA_SetPeriphSize
                0x08004194       0x48 usart.o
 .text.LL_DMA_SetMemorySize
                0x080041dc       0x48 usart.o
 .text.LL_DMA_SetStreamPriorityLevel
                0x08004224       0x48 usart.o
 .text.LL_DMA_SetChannelSelection
                0x0800426c       0x48 usart.o
 .text.LL_DMA_DisableFifoMode
                0x080042b4       0x40 usart.o
 .text.LL_AHB1_GRP1_EnableClock
                0x080042f4       0x30 usart.o
 .text.LL_APB1_GRP1_EnableClock
                0x08004324       0x30 usart.o
 .text.LL_USART_Enable
                0x08004354       0x20 usart.o
 .text.LL_USART_ConfigAsyncMode
                0x08004374       0x2c usart.o
 .text.MX_USART2_UART_Init
                0x080043a0      0x100 usart.o
                0x080043a0                MX_USART2_UART_Init
 .text.LL_EXTI_IsActiveFlag_0_31
                0x080044a0       0x2c stm32f4xx_it.o
 .text.LL_EXTI_ClearFlag_0_31
                0x080044cc       0x20 stm32f4xx_it.o
 .text.NMI_Handler
                0x080044ec        0x8 stm32f4xx_it.o
                0x080044ec                NMI_Handler
 .text.HardFault_Handler
                0x080044f4        0x8 stm32f4xx_it.o
                0x080044f4                HardFault_Handler
 .text.MemManage_Handler
                0x080044fc        0x8 stm32f4xx_it.o
                0x080044fc                MemManage_Handler
 .text.BusFault_Handler
                0x08004504        0x8 stm32f4xx_it.o
                0x08004504                BusFault_Handler
 .text.UsageFault_Handler
                0x0800450c        0x8 stm32f4xx_it.o
                0x0800450c                UsageFault_Handler
 .text.DebugMon_Handler
                0x08004514        0xe stm32f4xx_it.o
                0x08004514                DebugMon_Handler
 .text.EXTI3_IRQHandler
                0x08004522       0x1a stm32f4xx_it.o
                0x08004522                EXTI3_IRQHandler
 .text.DMA1_Stream5_IRQHandler
                0x0800453c        0xe stm32f4xx_it.o
                0x0800453c                DMA1_Stream5_IRQHandler
 *fill*         0x0800454a        0x2 
 .text.TIM5_IRQHandler
                0x0800454c       0x14 stm32f4xx_it.o
                0x0800454c                TIM5_IRQHandler
 .text.HAL_MspInit
                0x08004560       0x50 stm32f4xx_hal_msp.o
                0x08004560                HAL_MspInit
 .text.HAL_InitTick
                0x080045b0       0xb4 stm32f4xx_hal_timebase_tim.o
                0x080045b0                HAL_InitTick
 .text.LL_GPIO_SetPinMode
                0x08004664       0x7a stm32f4xx_ll_gpio.o
 .text.LL_GPIO_SetPinOutputType
                0x080046de       0x30 stm32f4xx_ll_gpio.o
 .text.LL_GPIO_SetPinSpeed
                0x0800470e       0x7a stm32f4xx_ll_gpio.o
 .text.LL_GPIO_SetPinPull
                0x08004788       0x7a stm32f4xx_ll_gpio.o
 .text.LL_GPIO_SetAFPin_0_7
                0x08004802       0x7a stm32f4xx_ll_gpio.o
 .text.LL_GPIO_SetAFPin_8_15
                0x0800487c       0x7e stm32f4xx_ll_gpio.o
 .text.LL_GPIO_Init
                0x080048fa      0x102 stm32f4xx_ll_gpio.o
                0x080048fa                LL_GPIO_Init
 .text.LL_I2C_Enable
                0x080049fc       0x20 stm32f4xx_ll_i2c.o
 .text.LL_I2C_Disable
                0x08004a1c       0x20 stm32f4xx_ll_i2c.o
 .text.LL_I2C_ConfigFilters
                0x08004a3c       0x2c stm32f4xx_ll_i2c.o
 .text.LL_I2C_SetOwnAddress1
                0x08004a68       0x30 stm32f4xx_ll_i2c.o
 .text.LL_I2C_ConfigSpeed
                0x08004a98      0x130 stm32f4xx_ll_i2c.o
 .text.LL_I2C_SetMode
                0x08004bc8       0x26 stm32f4xx_ll_i2c.o
 .text.LL_I2C_AcknowledgeNextData
                0x08004bee       0x26 stm32f4xx_ll_i2c.o
 .text.LL_I2C_Init
                0x08004c14       0x72 stm32f4xx_ll_i2c.o
                0x08004c14                LL_I2C_Init
 *fill*         0x08004c86        0x2 
 .text.LL_RCC_GetSysClkSource
                0x08004c88       0x1c stm32f4xx_ll_rcc.o
 .text.LL_RCC_GetAHBPrescaler
                0x08004ca4       0x1c stm32f4xx_ll_rcc.o
 .text.LL_RCC_GetAPB1Prescaler
                0x08004cc0       0x1c stm32f4xx_ll_rcc.o
 .text.LL_RCC_GetAPB2Prescaler
                0x08004cdc       0x1c stm32f4xx_ll_rcc.o
 .text.LL_RCC_PLL_GetMainSource
                0x08004cf8       0x1c stm32f4xx_ll_rcc.o
 .text.LL_RCC_PLL_GetN
                0x08004d14       0x1c stm32f4xx_ll_rcc.o
 .text.LL_RCC_PLL_GetP
                0x08004d30       0x1c stm32f4xx_ll_rcc.o
 .text.LL_RCC_PLL_GetR
                0x08004d4c       0x1c stm32f4xx_ll_rcc.o
 .text.LL_RCC_PLL_GetDivider
                0x08004d68       0x1c stm32f4xx_ll_rcc.o
 .text.LL_RCC_GetSystemClocksFreq
                0x08004d84       0x4a stm32f4xx_ll_rcc.o
                0x08004d84                LL_RCC_GetSystemClocksFreq
 *fill*         0x08004dce        0x2 
 .text.RCC_GetSystemClockFreq
                0x08004dd0       0x88 stm32f4xx_ll_rcc.o
                0x08004dd0                RCC_GetSystemClockFreq
 .text.RCC_GetHCLKClockFreq
                0x08004e58       0x2c stm32f4xx_ll_rcc.o
                0x08004e58                RCC_GetHCLKClockFreq
 .text.RCC_GetPCLK1ClockFreq
                0x08004e84       0x28 stm32f4xx_ll_rcc.o
                0x08004e84                RCC_GetPCLK1ClockFreq
 .text.RCC_GetPCLK2ClockFreq
                0x08004eac       0x28 stm32f4xx_ll_rcc.o
                0x08004eac                RCC_GetPCLK2ClockFreq
 .text.RCC_PLL_GetFreqDomain_SYS
                0x08004ed4       0xa4 stm32f4xx_ll_rcc.o
                0x08004ed4                RCC_PLL_GetFreqDomain_SYS
 .text.LL_SetSystemCoreClock
                0x08004f78       0x20 stm32f4xx_ll_utils.o
                0x08004f78                LL_SetSystemCoreClock
 .text.LL_EXTI_EnableIT_0_31
                0x08004f98       0x24 stm32f4xx_ll_exti.o
 .text.LL_EXTI_DisableIT_0_31
                0x08004fbc       0x28 stm32f4xx_ll_exti.o
 .text.LL_EXTI_EnableEvent_0_31
                0x08004fe4       0x24 stm32f4xx_ll_exti.o
 .text.LL_EXTI_DisableEvent_0_31
                0x08005008       0x28 stm32f4xx_ll_exti.o
 .text.LL_EXTI_EnableRisingTrig_0_31
                0x08005030       0x24 stm32f4xx_ll_exti.o
 .text.LL_EXTI_DisableRisingTrig_0_31
                0x08005054       0x28 stm32f4xx_ll_exti.o
 .text.LL_EXTI_EnableFallingTrig_0_31
                0x0800507c       0x24 stm32f4xx_ll_exti.o
 .text.LL_EXTI_DisableFallingTrig_0_31
                0x080050a0       0x28 stm32f4xx_ll_exti.o
 .text.LL_EXTI_Init
                0x080050c8       0xfe stm32f4xx_ll_exti.o
                0x080050c8                LL_EXTI_Init
 *fill*         0x080051c6        0x2 
 .text.HAL_RCC_GetHCLKFreq
                0x080051c8       0x18 stm32f4xx_hal_rcc.o
                0x080051c8                HAL_RCC_GetHCLKFreq
 .text.HAL_RCC_GetPCLK1Freq
                0x080051e0       0x28 stm32f4xx_hal_rcc.o
                0x080051e0                HAL_RCC_GetPCLK1Freq
 .text.HAL_RCC_GetClockConfig
                0x08005208       0x64 stm32f4xx_hal_rcc.o
                0x08005208                HAL_RCC_GetClockConfig
 .text.__NVIC_SetPriorityGrouping
                0x0800526c       0x48 stm32f4xx_hal_cortex.o
 .text.__NVIC_GetPriorityGrouping
                0x080052b4       0x1c stm32f4xx_hal_cortex.o
 .text.__NVIC_EnableIRQ
                0x080052d0       0x3c stm32f4xx_hal_cortex.o
 .text.__NVIC_SetPriority
                0x0800530c       0x54 stm32f4xx_hal_cortex.o
 .text.NVIC_EncodePriority
                0x08005360       0x66 stm32f4xx_hal_cortex.o
 .text.HAL_NVIC_SetPriorityGrouping
                0x080053c6       0x16 stm32f4xx_hal_cortex.o
                0x080053c6                HAL_NVIC_SetPriorityGrouping
 .text.HAL_NVIC_SetPriority
                0x080053dc       0x38 stm32f4xx_hal_cortex.o
                0x080053dc                HAL_NVIC_SetPriority
 .text.HAL_NVIC_EnableIRQ
                0x08005414       0x1c stm32f4xx_hal_cortex.o
                0x08005414                HAL_NVIC_EnableIRQ
 .text.HAL_Init
                0x08005430       0x44 stm32f4xx_hal.o
                0x08005430                HAL_Init
 .text.HAL_IncTick
                0x08005474       0x28 stm32f4xx_hal.o
                0x08005474                HAL_IncTick
 .text.HAL_GetTick
                0x0800549c       0x18 stm32f4xx_hal.o
                0x0800549c                HAL_GetTick
 .text.HAL_TIM_Base_Init
                0x080054b4       0x9e stm32f4xx_hal_tim.o
                0x080054b4                HAL_TIM_Base_Init
 .text.HAL_TIM_Base_MspInit
                0x08005552       0x14 stm32f4xx_hal_tim.o
                0x08005552                HAL_TIM_Base_MspInit
 *fill*         0x08005566        0x2 
 .text.HAL_TIM_Base_Start_IT
                0x08005568       0xe0 stm32f4xx_hal_tim.o
                0x08005568                HAL_TIM_Base_Start_IT
 .text.HAL_TIM_IRQHandler
                0x08005648      0x210 stm32f4xx_hal_tim.o
                0x08005648                HAL_TIM_IRQHandler
 .text.HAL_TIM_OC_DelayElapsedCallback
                0x08005858       0x14 stm32f4xx_hal_tim.o
                0x08005858                HAL_TIM_OC_DelayElapsedCallback
 .text.HAL_TIM_IC_CaptureCallback
                0x0800586c       0x14 stm32f4xx_hal_tim.o
                0x0800586c                HAL_TIM_IC_CaptureCallback
 .text.HAL_TIM_PWM_PulseFinishedCallback
                0x08005880       0x14 stm32f4xx_hal_tim.o
                0x08005880                HAL_TIM_PWM_PulseFinishedCallback
 .text.HAL_TIM_TriggerCallback
                0x08005894       0x14 stm32f4xx_hal_tim.o
                0x08005894                HAL_TIM_TriggerCallback
 .text.TIM_Base_SetConfig
                0x080058a8      0x140 stm32f4xx_hal_tim.o
                0x080058a8                TIM_Base_SetConfig
 .text.HAL_TIMEx_CommutCallback
                0x080059e8       0x14 stm32f4xx_hal_tim_ex.o
                0x080059e8                HAL_TIMEx_CommutCallback
 .text.HAL_TIMEx_BreakCallback
                0x080059fc       0x14 stm32f4xx_hal_tim_ex.o
                0x080059fc                HAL_TIMEx_BreakCallback
 .text.LL_TIM_SetPrescaler
                0x08005a10       0x1c stm32f4xx_ll_tim.o
 .text.LL_TIM_SetAutoReload
                0x08005a2c       0x1c stm32f4xx_ll_tim.o
 .text.LL_TIM_SetRepetitionCounter
                0x08005a48       0x1c stm32f4xx_ll_tim.o
 .text.LL_TIM_GenerateEvent_UPDATE
                0x08005a64       0x20 stm32f4xx_ll_tim.o
 .text.LL_TIM_Init
                0x08005a84      0x134 stm32f4xx_ll_tim.o
                0x08005a84                LL_TIM_Init
 .text.LL_USART_IsEnabled
                0x08005bb8       0x28 stm32f4xx_ll_usart.o
 .text.LL_USART_SetStopBitsLength
                0x08005be0       0x26 stm32f4xx_ll_usart.o
 .text.LL_USART_SetHWFlowCtrl
                0x08005c06       0x26 stm32f4xx_ll_usart.o
 .text.LL_USART_SetBaudRate
                0x08005c2c      0x45c stm32f4xx_ll_usart.o
 .text.LL_USART_Init
                0x08006088      0x100 stm32f4xx_ll_usart.o
                0x08006088                LL_USART_Init
 .text.SystemInit
                0x08006188       0x24 system_stm32f4xx.o
                0x08006188                SystemInit
 .text.Reset_Handler
                0x080061ac       0x50 startup_stm32f446retx.o
                0x080061ac                Reset_Handler
 .text.Default_Handler
                0x080061fc        0x2 startup_stm32f446retx.o
                0x080061fc                RTC_Alarm_IRQHandler
                0x080061fc                EXTI2_IRQHandler
                0x080061fc                TIM8_CC_IRQHandler
                0x080061fc                FMPI2C1_EV_IRQHandler
                0x080061fc                SPI4_IRQHandler
                0x080061fc                TIM1_CC_IRQHandler
                0x080061fc                DMA2_Stream5_IRQHandler
                0x080061fc                PVD_IRQHandler
                0x080061fc                SDIO_IRQHandler
                0x080061fc                TAMP_STAMP_IRQHandler
                0x080061fc                CAN2_RX1_IRQHandler
                0x080061fc                TIM8_TRG_COM_TIM14_IRQHandler
                0x080061fc                TIM1_UP_TIM10_IRQHandler
                0x080061fc                TIM8_UP_TIM13_IRQHandler
                0x080061fc                I2C3_ER_IRQHandler
                0x080061fc                EXTI0_IRQHandler
                0x080061fc                I2C2_EV_IRQHandler
                0x080061fc                DMA1_Stream2_IRQHandler
                0x080061fc                CAN1_RX0_IRQHandler
                0x080061fc                FPU_IRQHandler
                0x080061fc                OTG_HS_WKUP_IRQHandler
                0x080061fc                CAN2_SCE_IRQHandler
                0x080061fc                DMA2_Stream2_IRQHandler
                0x080061fc                SPI1_IRQHandler
                0x080061fc                TIM6_DAC_IRQHandler
                0x080061fc                TIM1_BRK_TIM9_IRQHandler
                0x080061fc                DCMI_IRQHandler
                0x080061fc                CAN2_RX0_IRQHandler
                0x080061fc                DMA2_Stream3_IRQHandler
                0x080061fc                SAI2_IRQHandler
                0x080061fc                USART6_IRQHandler
                0x080061fc                USART3_IRQHandler
                0x080061fc                CAN1_RX1_IRQHandler
                0x080061fc                UART5_IRQHandler
                0x080061fc                DMA2_Stream0_IRQHandler
                0x080061fc                TIM4_IRQHandler
                0x080061fc                QUADSPI_IRQHandler
                0x080061fc                I2C1_EV_IRQHandler
                0x080061fc                DMA1_Stream6_IRQHandler
                0x080061fc                DMA1_Stream1_IRQHandler
                0x080061fc                UART4_IRQHandler
                0x080061fc                TIM3_IRQHandler
                0x080061fc                RCC_IRQHandler
                0x080061fc                TIM8_BRK_TIM12_IRQHandler
                0x080061fc                Default_Handler
                0x080061fc                CEC_IRQHandler
                0x080061fc                EXTI15_10_IRQHandler
                0x080061fc                ADC_IRQHandler
                0x080061fc                DMA1_Stream7_IRQHandler
                0x080061fc                TIM7_IRQHandler
                0x080061fc                CAN2_TX_IRQHandler
                0x080061fc                DMA2_Stream7_IRQHandler
                0x080061fc                I2C3_EV_IRQHandler
                0x080061fc                EXTI9_5_IRQHandler
                0x080061fc                RTC_WKUP_IRQHandler
                0x080061fc                SPDIF_RX_IRQHandler
                0x080061fc                SPI2_IRQHandler
                0x080061fc                OTG_HS_EP1_IN_IRQHandler
                0x080061fc                DMA1_Stream0_IRQHandler
                0x080061fc                CAN1_TX_IRQHandler
                0x080061fc                FMPI2C1_ER_IRQHandler
                0x080061fc                EXTI4_IRQHandler
                0x080061fc                OTG_HS_EP1_OUT_IRQHandler
                0x080061fc                WWDG_IRQHandler
                0x080061fc                OTG_FS_WKUP_IRQHandler
                0x080061fc                TIM1_TRG_COM_TIM11_IRQHandler
                0x080061fc                OTG_HS_IRQHandler
                0x080061fc                EXTI1_IRQHandler
                0x080061fc                USART2_IRQHandler
                0x080061fc                I2C2_ER_IRQHandler
                0x080061fc                DMA2_Stream1_IRQHandler
                0x080061fc                CAN1_SCE_IRQHandler
                0x080061fc                FLASH_IRQHandler
                0x080061fc                DMA2_Stream4_IRQHandler
                0x080061fc                USART1_IRQHandler
                0x080061fc                OTG_FS_IRQHandler
                0x080061fc                SPI3_IRQHandler
                0x080061fc                DMA1_Stream4_IRQHandler
                0x080061fc                I2C1_ER_IRQHandler
                0x080061fc                FMC_IRQHandler
                0x080061fc                DMA2_Stream6_IRQHandler
                0x080061fc                SAI1_IRQHandler
                0x080061fc                DMA1_Stream3_IRQHandler
 *fill*         0x080061fe        0x2 
 .text.fmod     0x08006200       0x6c C:/ProgramData/MATLAB/SupportPackages/R2024b/3P.instrset/gnuarm-armcortex.instrset/win/bin/../lib/gcc/arm-none-eabi/13.2.1/thumb/v7e-m+fp/hard\libm.a(libm_a-w_fmod.o)
                0x08006200                fmod
 *fill*         0x0800626c        0x4 
 .text.floor    0x08006270      0x108 C:/ProgramData/MATLAB/SupportPackages/R2024b/3P.instrset/gnuarm-armcortex.instrset/win/bin/../lib/gcc/arm-none-eabi/13.2.1/thumb/v7e-m+fp/hard\libm.a(libm_a-s_floor.o)
                0x08006270                floor
 .text.__ieee754_fmod
                0x08006378      0x30c C:/ProgramData/MATLAB/SupportPackages/R2024b/3P.instrset/gnuarm-armcortex.instrset/win/bin/../lib/gcc/arm-none-eabi/13.2.1/thumb/v7e-m+fp/hard\libm.a(libm_a-e_fmod.o)
                0x08006378                __ieee754_fmod
 .text.__udivmoddi4
                0x08006684      0x2bc C:/ProgramData/MATLAB/SupportPackages/R2024b/3P.instrset/gnuarm-armcortex.instrset/win/bin/../lib/gcc/arm-none-eabi/13.2.1/thumb/v7e-m+fp/hard\libgcc.a(_udivmoddi4.o)
                0x08006684                __udivmoddi4
 .text.memset   0x08006940       0x10 C:/ProgramData/MATLAB/SupportPackages/R2024b/3P.instrset/gnuarm-armcortex.instrset/win/bin/../lib/gcc/arm-none-eabi/13.2.1/thumb/v7e-m+fp/hard\libc_nano.a(libc_a-memset.o)
                0x08006940                memset
 .text.__errno  0x08006950        0xc C:/ProgramData/MATLAB/SupportPackages/R2024b/3P.instrset/gnuarm-armcortex.instrset/win/bin/../lib/gcc/arm-none-eabi/13.2.1/thumb/v7e-m+fp/hard\libc_nano.a(libc_a-errno.o)
                0x08006950                __errno
 .text.__libc_init_array
                0x0800695c       0x48 C:/ProgramData/MATLAB/SupportPackages/R2024b/3P.instrset/gnuarm-armcortex.instrset/win/bin/../lib/gcc/arm-none-eabi/13.2.1/thumb/v7e-m+fp/hard\libc_nano.a(libc_a-init.o)
                0x0800695c                __libc_init_array
 *(.glue_7)
 .glue_7        0x080069a4        0x0 linker stubs
 *(.glue_7t)
 .glue_7t       0x080069a4        0x0 linker stubs
 *(.eh_frame)
 .eh_frame      0x080069a4        0x0 C:/ProgramData/MATLAB/SupportPackages/R2024b/3P.instrset/gnuarm-armcortex.instrset/win/bin/../lib/gcc/arm-none-eabi/13.2.1/thumb/v7e-m+fp/hard/crtbegin.o
 *(.init)
 .init          0x080069a4        0x4 C:/ProgramData/MATLAB/SupportPackages/R2024b/3P.instrset/gnuarm-armcortex.instrset/win/bin/../lib/gcc/arm-none-eabi/13.2.1/thumb/v7e-m+fp/hard/crti.o
                0x080069a4                _init
 .init          0x080069a8        0x8 C:/ProgramData/MATLAB/SupportPackages/R2024b/3P.instrset/gnuarm-armcortex.instrset/win/bin/../lib/gcc/arm-none-eabi/13.2.1/thumb/v7e-m+fp/hard/crtn.o
 *(.fini)
 .fini          0x080069b0        0x4 C:/ProgramData/MATLAB/SupportPackages/R2024b/3P.instrset/gnuarm-armcortex.instrset/win/bin/../lib/gcc/arm-none-eabi/13.2.1/thumb/v7e-m+fp/hard/crti.o
                0x080069b0                _fini
 .fini          0x080069b4        0x8 C:/ProgramData/MATLAB/SupportPackages/R2024b/3P.instrset/gnuarm-armcortex.instrset/win/bin/../lib/gcc/arm-none-eabi/13.2.1/thumb/v7e-m+fp/hard/crtn.o
                0x080069bc                        . = ALIGN (0x4)
                0x080069bc                        _etext = .

.vfp11_veneer   0x080069bc        0x0
 .vfp11_veneer  0x080069bc        0x0 linker stubs

.v4_bx          0x080069bc        0x0
 .v4_bx         0x080069bc        0x0 linker stubs

.iplt           0x080069bc        0x0
 .iplt          0x080069bc        0x0 C:/ProgramData/MATLAB/SupportPackages/R2024b/3P.instrset/gnuarm-armcortex.instrset/win/bin/../lib/gcc/arm-none-eabi/13.2.1/thumb/v7e-m+fp/hard/crtbegin.o

.rodata         0x080069c0       0x38
                0x080069c0                        . = ALIGN (0x4)
 *(.rodata)
 *(.rodata*)
 .rodata.sads_balance_cubemodel_M
                0x080069c0        0x4 sads_balance_cubemodel.o
                0x080069c0                sads_balance_cubemodel_M
 .rodata.STREAM_OFFSET_TAB
                0x080069c4        0x8 usart.o
 .rodata.AHBPrescTable
                0x080069cc       0x10 system_stm32f4xx.o
                0x080069cc                AHBPrescTable
 .rodata.APBPrescTable
                0x080069dc        0x8 system_stm32f4xx.o
                0x080069dc                APBPrescTable
 *fill*         0x080069e4        0x4 
 .rodata.Zero   0x080069e8       0x10 C:/ProgramData/MATLAB/SupportPackages/R2024b/3P.instrset/gnuarm-armcortex.instrset/win/bin/../lib/gcc/arm-none-eabi/13.2.1/thumb/v7e-m+fp/hard\libm.a(libm_a-e_fmod.o)
                0x080069f8                        . = ALIGN (0x4)

.ARM.extab      0x080069f8        0x0
                0x080069f8                        . = ALIGN (0x4)
 *(.ARM.extab* .gnu.linkonce.armextab.*)
                0x080069f8                        . = ALIGN (0x4)

.ARM            0x080069f8        0x8
                0x080069f8                        . = ALIGN (0x4)
                0x080069f8                        __exidx_start = .
 *(.ARM.exidx*)
 .ARM.exidx.text.__udivmoddi4
                0x080069f8        0x8 C:/ProgramData/MATLAB/SupportPackages/R2024b/3P.instrset/gnuarm-armcortex.instrset/win/bin/../lib/gcc/arm-none-eabi/13.2.1/thumb/v7e-m+fp/hard\libgcc.a(_udivmoddi4.o)
                0x08006a00                        __exidx_end = .
                0x08006a00                        . = ALIGN (0x4)

.rel.dyn        0x08006a00        0x0
 .rel.iplt      0x08006a00        0x0 C:/ProgramData/MATLAB/SupportPackages/R2024b/3P.instrset/gnuarm-armcortex.instrset/win/bin/../lib/gcc/arm-none-eabi/13.2.1/thumb/v7e-m+fp/hard/crtbegin.o

.preinit_array  0x08006a00        0x0
                0x08006a00                        . = ALIGN (0x4)
                0x08006a00                        PROVIDE (__preinit_array_start = .)
 *(.preinit_array*)
                0x08006a00                        PROVIDE (__preinit_array_end = .)
                0x08006a00                        . = ALIGN (0x4)

.init_array     0x08006a00        0x4
                0x08006a00                        . = ALIGN (0x4)
                0x08006a00                        PROVIDE (__init_array_start = .)
 *(SORT_BY_NAME(.init_array.*))
 *(.init_array*)
 .init_array    0x08006a00        0x4 C:/ProgramData/MATLAB/SupportPackages/R2024b/3P.instrset/gnuarm-armcortex.instrset/win/bin/../lib/gcc/arm-none-eabi/13.2.1/thumb/v7e-m+fp/hard/crtbegin.o
                0x08006a04                        PROVIDE (__init_array_end = .)
                0x08006a04                        . = ALIGN (0x4)

.fini_array     0x08006a04        0x4
                0x08006a04                        . = ALIGN (0x4)
                [!provide]                        PROVIDE (__fini_array_start = .)
 *(SORT_BY_NAME(.fini_array.*))
 *(.fini_array*)
 .fini_array    0x08006a04        0x4 C:/ProgramData/MATLAB/SupportPackages/R2024b/3P.instrset/gnuarm-armcortex.instrset/win/bin/../lib/gcc/arm-none-eabi/13.2.1/thumb/v7e-m+fp/hard/crtbegin.o
                [!provide]                        PROVIDE (__fini_array_end = .)
                0x08006a08                        . = ALIGN (0x4)
                0x08006a08                        _sidata = LOADADDR (.data)

.data           0x20000000       0x90 load address 0x08006a08
                0x20000000                        . = ALIGN (0x4)
                0x20000000                        _sdata = .
 *(.data)
 *(.data*)
 .data.sads_balance_cubemodel_P
                0x20000000       0x38 sads_balance_cubemodel_data.o
                0x20000000                sads_balance_cubemodel_P
 .data.uwTickFreq
                0x20000038        0x1 stm32f4xx_hal.o
                0x20000038                uwTickFreq
 *fill*         0x20000039        0x3 
 .data.SystemCoreClock
                0x2000003c        0x4 system_stm32f4xx.o
                0x2000003c                SystemCoreClock
 .data._impure_ptr
                0x20000040        0x4 C:/ProgramData/MATLAB/SupportPackages/R2024b/3P.instrset/gnuarm-armcortex.instrset/win/bin/../lib/gcc/arm-none-eabi/13.2.1/thumb/v7e-m+fp/hard\libc_nano.a(libc_a-impure.o)
                0x20000040                _impure_ptr
 .data._impure_data
                0x20000044       0x4c C:/ProgramData/MATLAB/SupportPackages/R2024b/3P.instrset/gnuarm-armcortex.instrset/win/bin/../lib/gcc/arm-none-eabi/13.2.1/thumb/v7e-m+fp/hard\libc_nano.a(libc_a-impure.o)
                0x20000044                _impure_data
 *(.RamFunc)
 *(.RamFunc*)
                0x20000090                        . = ALIGN (0x4)
                0x20000090                        _edata = .

.tm_clone_table
                0x20000090        0x0 load address 0x08006a98
 .tm_clone_table
                0x20000090        0x0 C:/ProgramData/MATLAB/SupportPackages/R2024b/3P.instrset/gnuarm-armcortex.instrset/win/bin/../lib/gcc/arm-none-eabi/13.2.1/thumb/v7e-m+fp/hard/crtbegin.o
 .tm_clone_table
                0x20000090        0x0 C:/ProgramData/MATLAB/SupportPackages/R2024b/3P.instrset/gnuarm-armcortex.instrset/win/bin/../lib/gcc/arm-none-eabi/13.2.1/thumb/v7e-m+fp/hard/crtend.o

.igot.plt       0x20000090        0x0 load address 0x08006a98
 .igot.plt      0x20000090        0x0 C:/ProgramData/MATLAB/SupportPackages/R2024b/3P.instrset/gnuarm-armcortex.instrset/win/bin/../lib/gcc/arm-none-eabi/13.2.1/thumb/v7e-m+fp/hard/crtbegin.o
                0x20000090                        . = ALIGN (0x4)

.bss            0x20000090      0x354 load address 0x08006a98
                0x20000090                        _sbss = .
                0x20000090                        __bss_start__ = _sbss
 *(.bss)
 *(.bss*)
 .bss.completed.1
                0x20000090        0x1 C:/ProgramData/MATLAB/SupportPackages/R2024b/3P.instrset/gnuarm-armcortex.instrset/win/bin/../lib/gcc/arm-none-eabi/13.2.1/thumb/v7e-m+fp/hard/crtbegin.o
 *fill*         0x20000091        0x3 
 .bss.object.0  0x20000094       0x18 C:/ProgramData/MATLAB/SupportPackages/R2024b/3P.instrset/gnuarm-armcortex.instrset/win/bin/../lib/gcc/arm-none-eabi/13.2.1/thumb/v7e-m+fp/hard/crtbegin.o
 .bss._ZL12toggleState1
                0x200000ac        0x1 StepperDrive.o
 .bss._ZL12toggleState2
                0x200000ad        0x1 StepperDrive.o
 *fill*         0x200000ae        0x2 
 .bss.currentPos1
                0x200000b0        0x4 StepperDrive.o
                0x200000b0                currentPos1
 .bss.currentPos2
                0x200000b4        0x4 StepperDrive.o
                0x200000b4                currentPos2
 .bss.mw_i2c1   0x200000b8       0x1c mw_stm32_i2c_v1_ll.o
 .bss.mw_i2c2   0x200000d4       0x1c mw_stm32_i2c_v1_ll.o
 .bss.mw_i2c3   0x200000f0       0x1c mw_stm32_i2c_v1_ll.o
 .bss.mw_tim2   0x2000010c       0x8c stm_timer_ll.o
                0x2000010c                mw_tim2
 .bss.IsrOverrun
                0x20000198        0x4 ert_main.o
                0x20000198                IsrOverrun
 .bss.OverrunFlag
                0x2000019c        0x1 ert_main.o
 .bss.stopRequested
                0x2000019d        0x1 ert_main.o
                0x2000019d                stopRequested
 .bss.runModel  0x2000019e        0x1 ert_main.o
                0x2000019e                runModel
 *fill*         0x2000019f        0x1 
 .bss.rtInf     0x200001a0        0x8 rt_nonfinite.o
                0x200001a0                rtInf
 .bss.rtMinusInf
                0x200001a8        0x8 rt_nonfinite.o
                0x200001a8                rtMinusInf
 .bss.rtNaN     0x200001b0        0x8 rt_nonfinite.o
                0x200001b0                rtNaN
 .bss.rtInfF    0x200001b8        0x4 rt_nonfinite.o
                0x200001b8                rtInfF
 .bss.rtMinusInfF
                0x200001bc        0x4 rt_nonfinite.o
                0x200001bc                rtMinusInfF
 .bss.rtNaNF    0x200001c0        0x4 rt_nonfinite.o
                0x200001c0                rtNaNF
 .bss.sads_balance_cubemodel_B
                0x200001c4       0x24 sads_balance_cubemodel.o
                0x200001c4                sads_balance_cubemodel_B
 .bss.sads_balance_cubemodel_DW
                0x200001e8       0x68 sads_balance_cubemodel.o
                0x200001e8                sads_balance_cubemodel_DW
 .bss.sads_balance_cubemodel_M_
                0x20000250        0x4 sads_balance_cubemodel.o
 .bss.schdl_counter
                0x20000254        0x4 SysTickScheduler.o
                0x20000254                schdl_counter
 .bss.schdl_counter_max
                0x20000258        0x4 SysTickScheduler.o
                0x20000258                schdl_counter_max
 .bss.taskToSchedule
                0x2000025c        0x4 m3m4m4f_multitasking.o
                0x2000025c                taskToSchedule
 .bss.htim5     0x20000260       0x48 stm32f4xx_hal_timebase_tim.o
                0x20000260                htim5
 .bss.uwTick    0x200002a8        0x4 stm32f4xx_hal.o
                0x200002a8                uwTick
 .bss.__sf      0x200002ac      0x138 C:/ProgramData/MATLAB/SupportPackages/R2024b/3P.instrset/gnuarm-armcortex.instrset/win/bin/../lib/gcc/arm-none-eabi/13.2.1/thumb/v7e-m+fp/hard\libc_nano.a(libc_a-findfp.o)
                0x200002ac                __sf
 *(COMMON)
                0x200003e4                        . = ALIGN (0x4)
                0x200003e4                        _ebss = .
                0x200003e4                        __bss_end__ = _ebss

._user_heap_stack
                0x200003e4      0x604 load address 0x08006a98
                0x200003e8                        . = ALIGN (0x8)
 *fill*         0x200003e4        0x4 
                [!provide]                        PROVIDE (end = .)
                0x200003e8                        PROVIDE (_end = .)
                0x200005e8                        . = (. + _Min_Heap_Size)
 *fill*         0x200003e8      0x200 
                0x200009e8                        . = (. + _Min_Stack_Size)
 *fill*         0x200005e8      0x400 
                0x200009e8                        . = ALIGN (0x8)

/DISCARD/
 libc.a(*)
 libm.a(*)
 libgcc.a(*)

.ARM.attributes
                0x00000000       0x30
 *(.ARM.attributes)
 .ARM.attributes
                0x00000000       0x22 C:/ProgramData/MATLAB/SupportPackages/R2024b/3P.instrset/gnuarm-armcortex.instrset/win/bin/../lib/gcc/arm-none-eabi/13.2.1/thumb/v7e-m+fp/hard/crti.o
 .ARM.attributes
                0x00000022       0x34 C:/ProgramData/MATLAB/SupportPackages/R2024b/3P.instrset/gnuarm-armcortex.instrset/win/bin/../lib/gcc/arm-none-eabi/13.2.1/thumb/v7e-m+fp/hard/crtbegin.o
 .ARM.attributes
                0x00000056       0x34 StepperDrive.o
 .ARM.attributes
                0x0000008a       0x34 mw_stm32_i2c_v1_ll.o
 .ARM.attributes
                0x000000be       0x34 MTi_Driver.o
 .ARM.attributes
                0x000000f2       0x34 xbus.o
 .ARM.attributes
                0x00000126       0x34 stm_timer_ll.o
 .ARM.attributes
                0x0000015a       0x34 mw_stm32_nvic.o
 .ARM.attributes
                0x0000018e       0x34 ert_main.o
 .ARM.attributes
                0x000001c2       0x34 rtGetInf.o
 .ARM.attributes
                0x000001f6       0x34 rtGetNaN.o
 .ARM.attributes
                0x0000022a       0x34 rt_nonfinite.o
 .ARM.attributes
                0x0000025e       0x34 sads_balance_cubemodel.o
 .ARM.attributes
                0x00000292       0x34 sads_balance_cubemodel_data.o
 .ARM.attributes
                0x000002c6       0x34 platform_timer.o
 .ARM.attributes
                0x000002fa       0x34 SysTickScheduler.o
 .ARM.attributes
                0x0000032e       0x34 m3m4m4f_multitasking.o
 .ARM.attributes
                0x00000362       0x34 main.o
 .ARM.attributes
                0x00000396       0x34 gpio.o
 .ARM.attributes
                0x000003ca       0x34 dma.o
 .ARM.attributes
                0x000003fe       0x34 i2c.o
 .ARM.attributes
                0x00000432       0x34 tim.o
 .ARM.attributes
                0x00000466       0x34 usart.o
 .ARM.attributes
                0x0000049a       0x34 stm32f4xx_it.o
 .ARM.attributes
                0x000004ce       0x34 stm32f4xx_hal_msp.o
 .ARM.attributes
                0x00000502       0x34 stm32f4xx_hal_timebase_tim.o
 .ARM.attributes
                0x00000536       0x34 stm32f4xx_ll_gpio.o
 .ARM.attributes
                0x0000056a       0x34 stm32f4xx_ll_i2c.o
 .ARM.attributes
                0x0000059e       0x34 stm32f4xx_ll_rcc.o
 .ARM.attributes
                0x000005d2       0x34 stm32f4xx_ll_utils.o
 .ARM.attributes
                0x00000606       0x34 stm32f4xx_ll_exti.o
 .ARM.attributes
                0x0000063a       0x34 stm32f4xx_hal_rcc.o
 .ARM.attributes
                0x0000066e       0x34 stm32f4xx_hal_cortex.o
 .ARM.attributes
                0x000006a2       0x34 stm32f4xx_hal.o
 .ARM.attributes
                0x000006d6       0x34 stm32f4xx_hal_tim.o
 .ARM.attributes
                0x0000070a       0x34 stm32f4xx_hal_tim_ex.o
 .ARM.attributes
                0x0000073e       0x34 stm32f4xx_ll_tim.o
 .ARM.attributes
                0x00000772       0x34 stm32f4xx_ll_usart.o
 .ARM.attributes
                0x000007a6       0x34 system_stm32f4xx.o
 .ARM.attributes
                0x000007da       0x21 startup_stm32f446retx.o
 .ARM.attributes
                0x000007fb       0x34 C:/ProgramData/MATLAB/SupportPackages/R2024b/3P.instrset/gnuarm-armcortex.instrset/win/bin/../lib/gcc/arm-none-eabi/13.2.1/thumb/v7e-m+fp/hard\libm.a(libm_a-w_fmod.o)
 .ARM.attributes
                0x0000082f       0x34 C:/ProgramData/MATLAB/SupportPackages/R2024b/3P.instrset/gnuarm-armcortex.instrset/win/bin/../lib/gcc/arm-none-eabi/13.2.1/thumb/v7e-m+fp/hard\libm.a(libm_a-s_floor.o)
 .ARM.attributes
                0x00000863       0x34 C:/ProgramData/MATLAB/SupportPackages/R2024b/3P.instrset/gnuarm-armcortex.instrset/win/bin/../lib/gcc/arm-none-eabi/13.2.1/thumb/v7e-m+fp/hard\libm.a(libm_a-e_fmod.o)
 .ARM.attributes
                0x00000897       0x22 C:/ProgramData/MATLAB/SupportPackages/R2024b/3P.instrset/gnuarm-armcortex.instrset/win/bin/../lib/gcc/arm-none-eabi/13.2.1/thumb/v7e-m+fp/hard\libgcc.a(_arm_addsubdf3.o)
 .ARM.attributes
                0x000008b9       0x22 C:/ProgramData/MATLAB/SupportPackages/R2024b/3P.instrset/gnuarm-armcortex.instrset/win/bin/../lib/gcc/arm-none-eabi/13.2.1/thumb/v7e-m+fp/hard\libgcc.a(_arm_muldivdf3.o)
 .ARM.attributes
                0x000008db       0x22 C:/ProgramData/MATLAB/SupportPackages/R2024b/3P.instrset/gnuarm-armcortex.instrset/win/bin/../lib/gcc/arm-none-eabi/13.2.1/thumb/v7e-m+fp/hard\libgcc.a(_arm_cmpdf2.o)
 .ARM.attributes
                0x000008fd       0x22 C:/ProgramData/MATLAB/SupportPackages/R2024b/3P.instrset/gnuarm-armcortex.instrset/win/bin/../lib/gcc/arm-none-eabi/13.2.1/thumb/v7e-m+fp/hard\libgcc.a(_arm_unorddf2.o)
 .ARM.attributes
                0x0000091f       0x22 C:/ProgramData/MATLAB/SupportPackages/R2024b/3P.instrset/gnuarm-armcortex.instrset/win/bin/../lib/gcc/arm-none-eabi/13.2.1/thumb/v7e-m+fp/hard\libgcc.a(_arm_truncdfsf2.o)
 .ARM.attributes
                0x00000941       0x22 C:/ProgramData/MATLAB/SupportPackages/R2024b/3P.instrset/gnuarm-armcortex.instrset/win/bin/../lib/gcc/arm-none-eabi/13.2.1/thumb/v7e-m+fp/hard\libgcc.a(_aeabi_uldivmod.o)
 .ARM.attributes
                0x00000963       0x34 C:/ProgramData/MATLAB/SupportPackages/R2024b/3P.instrset/gnuarm-armcortex.instrset/win/bin/../lib/gcc/arm-none-eabi/13.2.1/thumb/v7e-m+fp/hard\libgcc.a(_udivmoddi4.o)
 .ARM.attributes
                0x00000997       0x22 C:/ProgramData/MATLAB/SupportPackages/R2024b/3P.instrset/gnuarm-armcortex.instrset/win/bin/../lib/gcc/arm-none-eabi/13.2.1/thumb/v7e-m+fp/hard\libgcc.a(_dvmd_tls.o)
 .ARM.attributes
                0x000009b9       0x34 C:/ProgramData/MATLAB/SupportPackages/R2024b/3P.instrset/gnuarm-armcortex.instrset/win/bin/../lib/gcc/arm-none-eabi/13.2.1/thumb/v7e-m+fp/hard\libc_nano.a(libc_a-findfp.o)
 .ARM.attributes
                0x000009ed       0x34 C:/ProgramData/MATLAB/SupportPackages/R2024b/3P.instrset/gnuarm-armcortex.instrset/win/bin/../lib/gcc/arm-none-eabi/13.2.1/thumb/v7e-m+fp/hard\libc_nano.a(libc_a-memset.o)
 .ARM.attributes
                0x00000a21       0x34 C:/ProgramData/MATLAB/SupportPackages/R2024b/3P.instrset/gnuarm-armcortex.instrset/win/bin/../lib/gcc/arm-none-eabi/13.2.1/thumb/v7e-m+fp/hard\libc_nano.a(libc_a-impure.o)
 .ARM.attributes
                0x00000a55       0x34 C:/ProgramData/MATLAB/SupportPackages/R2024b/3P.instrset/gnuarm-armcortex.instrset/win/bin/../lib/gcc/arm-none-eabi/13.2.1/thumb/v7e-m+fp/hard\libc_nano.a(libc_a-errno.o)
 .ARM.attributes
                0x00000a89       0x34 C:/ProgramData/MATLAB/SupportPackages/R2024b/3P.instrset/gnuarm-armcortex.instrset/win/bin/../lib/gcc/arm-none-eabi/13.2.1/thumb/v7e-m+fp/hard\libc_nano.a(libc_a-init.o)
 .ARM.attributes
                0x00000abd       0x34 C:/ProgramData/MATLAB/SupportPackages/R2024b/3P.instrset/gnuarm-armcortex.instrset/win/bin/../lib/gcc/arm-none-eabi/13.2.1/thumb/v7e-m+fp/hard/crtend.o
 .ARM.attributes
                0x00000af1       0x22 C:/ProgramData/MATLAB/SupportPackages/R2024b/3P.instrset/gnuarm-armcortex.instrset/win/bin/../lib/gcc/arm-none-eabi/13.2.1/thumb/v7e-m+fp/hard/crtn.o
OUTPUT(../sads_balance_cubemodel.elf elf32-littlearm)
LOAD linker stubs
LOAD C:/ProgramData/MATLAB/SupportPackages/R2024b/3P.instrset/gnuarm-armcortex.instrset/win/bin/../lib/gcc/arm-none-eabi/13.2.1/thumb/v7e-m+fp/hard\libc.a
LOAD C:/ProgramData/MATLAB/SupportPackages/R2024b/3P.instrset/gnuarm-armcortex.instrset/win/bin/../lib/gcc/arm-none-eabi/13.2.1/thumb/v7e-m+fp/hard\libm.a
LOAD C:/ProgramData/MATLAB/SupportPackages/R2024b/3P.instrset/gnuarm-armcortex.instrset/win/bin/../lib/gcc/arm-none-eabi/13.2.1/thumb/v7e-m+fp/hard\libgcc.a

.comment        0x00000000       0x44
 .comment       0x00000000       0x44 StepperDrive.o
                                 0x45 (size before relaxing)
 .comment       0x00000044       0x45 mw_stm32_i2c_v1_ll.o
 .comment       0x00000044       0x45 MTi_Driver.o
 .comment       0x00000044       0x45 xbus.o
 .comment       0x00000044       0x45 stm_timer_ll.o
 .comment       0x00000044       0x45 mw_stm32_nvic.o
 .comment       0x00000044       0x45 ert_main.o
 .comment       0x00000044       0x45 rtGetInf.o
 .comment       0x00000044       0x45 rtGetNaN.o
 .comment       0x00000044       0x45 rt_nonfinite.o
 .comment       0x00000044       0x45 sads_balance_cubemodel.o
 .comment       0x00000044       0x45 sads_balance_cubemodel_data.o
 .comment       0x00000044       0x45 platform_timer.o
 .comment       0x00000044       0x45 SysTickScheduler.o
 .comment       0x00000044       0x45 m3m4m4f_multitasking.o
 .comment       0x00000044       0x45 main.o
 .comment       0x00000044       0x45 gpio.o
 .comment       0x00000044       0x45 dma.o
 .comment       0x00000044       0x45 i2c.o
 .comment       0x00000044       0x45 tim.o
 .comment       0x00000044       0x45 usart.o
 .comment       0x00000044       0x45 stm32f4xx_it.o
 .comment       0x00000044       0x45 stm32f4xx_hal_msp.o
 .comment       0x00000044       0x45 stm32f4xx_hal_timebase_tim.o
 .comment       0x00000044       0x45 stm32f4xx_ll_gpio.o
 .comment       0x00000044       0x45 stm32f4xx_ll_i2c.o
 .comment       0x00000044       0x45 stm32f4xx_ll_rcc.o
 .comment       0x00000044       0x45 stm32f4xx_ll_utils.o
 .comment       0x00000044       0x45 stm32f4xx_ll_exti.o
 .comment       0x00000044       0x45 stm32f4xx_hal_rcc.o
 .comment       0x00000044       0x45 stm32f4xx_hal_cortex.o
 .comment       0x00000044       0x45 stm32f4xx_hal.o
 .comment       0x00000044       0x45 stm32f4xx_hal_tim.o
 .comment       0x00000044       0x45 stm32f4xx_hal_tim_ex.o
 .comment       0x00000044       0x45 stm32f4xx_ll_tim.o
 .comment       0x00000044       0x45 stm32f4xx_ll_usart.o
 .comment       0x00000044       0x45 system_stm32f4xx.o

.debug_frame    0x00000000      0x4c4
 .debug_frame   0x00000000       0x4c C:/ProgramData/MATLAB/SupportPackages/R2024b/3P.instrset/gnuarm-armcortex.instrset/win/bin/../lib/gcc/arm-none-eabi/13.2.1/thumb/v7e-m+fp/hard\libm.a(libm_a-w_fmod.o)
 .debug_frame   0x0000004c       0x30 C:/ProgramData/MATLAB/SupportPackages/R2024b/3P.instrset/gnuarm-armcortex.instrset/win/bin/../lib/gcc/arm-none-eabi/13.2.1/thumb/v7e-m+fp/hard\libm.a(libm_a-s_floor.o)
 .debug_frame   0x0000007c       0x34 C:/ProgramData/MATLAB/SupportPackages/R2024b/3P.instrset/gnuarm-armcortex.instrset/win/bin/../lib/gcc/arm-none-eabi/13.2.1/thumb/v7e-m+fp/hard\libm.a(libm_a-e_fmod.o)
 .debug_frame   0x000000b0       0xac C:/ProgramData/MATLAB/SupportPackages/R2024b/3P.instrset/gnuarm-armcortex.instrset/win/bin/../lib/gcc/arm-none-eabi/13.2.1/thumb/v7e-m+fp/hard\libgcc.a(_arm_addsubdf3.o)
 .debug_frame   0x0000015c       0x50 C:/ProgramData/MATLAB/SupportPackages/R2024b/3P.instrset/gnuarm-armcortex.instrset/win/bin/../lib/gcc/arm-none-eabi/13.2.1/thumb/v7e-m+fp/hard\libgcc.a(_arm_muldivdf3.o)
 .debug_frame   0x000001ac       0xc4 C:/ProgramData/MATLAB/SupportPackages/R2024b/3P.instrset/gnuarm-armcortex.instrset/win/bin/../lib/gcc/arm-none-eabi/13.2.1/thumb/v7e-m+fp/hard\libgcc.a(_arm_cmpdf2.o)
 .debug_frame   0x00000270       0x20 C:/ProgramData/MATLAB/SupportPackages/R2024b/3P.instrset/gnuarm-armcortex.instrset/win/bin/../lib/gcc/arm-none-eabi/13.2.1/thumb/v7e-m+fp/hard\libgcc.a(_arm_unorddf2.o)
 .debug_frame   0x00000290       0x24 C:/ProgramData/MATLAB/SupportPackages/R2024b/3P.instrset/gnuarm-armcortex.instrset/win/bin/../lib/gcc/arm-none-eabi/13.2.1/thumb/v7e-m+fp/hard\libgcc.a(_arm_truncdfsf2.o)
 .debug_frame   0x000002b4       0x2c C:/ProgramData/MATLAB/SupportPackages/R2024b/3P.instrset/gnuarm-armcortex.instrset/win/bin/../lib/gcc/arm-none-eabi/13.2.1/thumb/v7e-m+fp/hard\libgcc.a(_aeabi_uldivmod.o)
 .debug_frame   0x000002e0       0x34 C:/ProgramData/MATLAB/SupportPackages/R2024b/3P.instrset/gnuarm-armcortex.instrset/win/bin/../lib/gcc/arm-none-eabi/13.2.1/thumb/v7e-m+fp/hard\libgcc.a(_udivmoddi4.o)
 .debug_frame   0x00000314      0x144 C:/ProgramData/MATLAB/SupportPackages/R2024b/3P.instrset/gnuarm-armcortex.instrset/win/bin/../lib/gcc/arm-none-eabi/13.2.1/thumb/v7e-m+fp/hard\libc_nano.a(libc_a-findfp.o)
 .debug_frame   0x00000458       0x20 C:/ProgramData/MATLAB/SupportPackages/R2024b/3P.instrset/gnuarm-armcortex.instrset/win/bin/../lib/gcc/arm-none-eabi/13.2.1/thumb/v7e-m+fp/hard\libc_nano.a(libc_a-memset.o)
 .debug_frame   0x00000478       0x20 C:/ProgramData/MATLAB/SupportPackages/R2024b/3P.instrset/gnuarm-armcortex.instrset/win/bin/../lib/gcc/arm-none-eabi/13.2.1/thumb/v7e-m+fp/hard\libc_nano.a(libc_a-errno.o)
 .debug_frame   0x00000498       0x2c C:/ProgramData/MATLAB/SupportPackages/R2024b/3P.instrset/gnuarm-armcortex.instrset/win/bin/../lib/gcc/arm-none-eabi/13.2.1/thumb/v7e-m+fp/hard\libc_nano.a(libc_a-init.o)

.debug_line_str
                0x00000000       0xe2
 .debug_line_str
                0x00000000       0xe2 C:/ProgramData/MATLAB/SupportPackages/R2024b/3P.instrset/gnuarm-armcortex.instrset/win/bin/../lib/gcc/arm-none-eabi/13.2.1/thumb/v7e-m+fp/hard\libgcc.a(_arm_addsubdf3.o)
                                 0xce (size before relaxing)
 .debug_line_str
                0x000000e2       0xce C:/ProgramData/MATLAB/SupportPackages/R2024b/3P.instrset/gnuarm-armcortex.instrset/win/bin/../lib/gcc/arm-none-eabi/13.2.1/thumb/v7e-m+fp/hard\libgcc.a(_arm_muldivdf3.o)
 .debug_line_str
                0x000000e2       0xce C:/ProgramData/MATLAB/SupportPackages/R2024b/3P.instrset/gnuarm-armcortex.instrset/win/bin/../lib/gcc/arm-none-eabi/13.2.1/thumb/v7e-m+fp/hard\libgcc.a(_arm_cmpdf2.o)
 .debug_line_str
                0x000000e2       0xce C:/ProgramData/MATLAB/SupportPackages/R2024b/3P.instrset/gnuarm-armcortex.instrset/win/bin/../lib/gcc/arm-none-eabi/13.2.1/thumb/v7e-m+fp/hard\libgcc.a(_arm_unorddf2.o)
 .debug_line_str
                0x000000e2       0xce C:/ProgramData/MATLAB/SupportPackages/R2024b/3P.instrset/gnuarm-armcortex.instrset/win/bin/../lib/gcc/arm-none-eabi/13.2.1/thumb/v7e-m+fp/hard\libgcc.a(_arm_truncdfsf2.o)
 .debug_line_str
                0x000000e2       0xc9 C:/ProgramData/MATLAB/SupportPackages/R2024b/3P.instrset/gnuarm-armcortex.instrset/win/bin/../lib/gcc/arm-none-eabi/13.2.1/thumb/v7e-m+fp/hard\libgcc.a(_aeabi_uldivmod.o)
 .debug_line_str
                0x000000e2       0xcd C:/ProgramData/MATLAB/SupportPackages/R2024b/3P.instrset/gnuarm-armcortex.instrset/win/bin/../lib/gcc/arm-none-eabi/13.2.1/thumb/v7e-m+fp/hard\libgcc.a(_dvmd_tls.o)
