Archive member included to satisfy reference by file (symbol)

C:/ProgramData/MATLAB/SupportPackages/R2024b/3P.instrset/gnuarm-armcortex.instrset/win/bin/../lib/gcc/arm-none-eabi/13.2.1/thumb/v7e-m+fp/hard\libm.a(libm_a-w_fmod.o)
                              sads_balance_cubemodel.o (fmod)
C:/ProgramData/MATLAB/SupportPackages/R2024b/3P.instrset/gnuarm-armcortex.instrset/win/bin/../lib/gcc/arm-none-eabi/13.2.1/thumb/v7e-m+fp/hard\libm.a(libm_a-s_cos.o)
                              sads_balance_cubemodel.o (cos)
C:/ProgramData/MATLAB/SupportPackages/R2024b/3P.instrset/gnuarm-armcortex.instrset/win/bin/../lib/gcc/arm-none-eabi/13.2.1/thumb/v7e-m+fp/hard\libm.a(libm_a-s_sin.o)
                              sads_balance_cubemodel.o (sin)
C:/ProgramData/MATLAB/SupportPackages/R2024b/3P.instrset/gnuarm-armcortex.instrset/win/bin/../lib/gcc/arm-none-eabi/13.2.1/thumb/v7e-m+fp/hard\libm.a(libm_a-s_floor.o)
                              sads_balance_cubemodel.o (floor)
C:/ProgramData/MATLAB/SupportPackages/R2024b/3P.instrset/gnuarm-armcortex.instrset/win/bin/../lib/gcc/arm-none-eabi/13.2.1/thumb/v7e-m+fp/hard\libm.a(libm_a-k_cos.o)
                              C:/ProgramData/MATLAB/SupportPackages/R2024b/3P.instrset/gnuarm-armcortex.instrset/win/bin/../lib/gcc/arm-none-eabi/13.2.1/thumb/v7e-m+fp/hard\libm.a(libm_a-s_cos.o) (__kernel_cos)
C:/ProgramData/MATLAB/SupportPackages/R2024b/3P.instrset/gnuarm-armcortex.instrset/win/bin/../lib/gcc/arm-none-eabi/13.2.1/thumb/v7e-m+fp/hard\libm.a(libm_a-k_sin.o)
                              C:/ProgramData/MATLAB/SupportPackages/R2024b/3P.instrset/gnuarm-armcortex.instrset/win/bin/../lib/gcc/arm-none-eabi/13.2.1/thumb/v7e-m+fp/hard\libm.a(libm_a-s_cos.o) (__kernel_sin)
C:/ProgramData/MATLAB/SupportPackages/R2024b/3P.instrset/gnuarm-armcortex.instrset/win/bin/../lib/gcc/arm-none-eabi/13.2.1/thumb/v7e-m+fp/hard\libm.a(libm_a-e_fmod.o)
                              C:/ProgramData/MATLAB/SupportPackages/R2024b/3P.instrset/gnuarm-armcortex.instrset/win/bin/../lib/gcc/arm-none-eabi/13.2.1/thumb/v7e-m+fp/hard\libm.a(libm_a-w_fmod.o) (__ieee754_fmod)
C:/ProgramData/MATLAB/SupportPackages/R2024b/3P.instrset/gnuarm-armcortex.instrset/win/bin/../lib/gcc/arm-none-eabi/13.2.1/thumb/v7e-m+fp/hard\libm.a(libm_a-e_rem_pio2.o)
                              C:/ProgramData/MATLAB/SupportPackages/R2024b/3P.instrset/gnuarm-armcortex.instrset/win/bin/../lib/gcc/arm-none-eabi/13.2.1/thumb/v7e-m+fp/hard\libm.a(libm_a-s_cos.o) (__ieee754_rem_pio2)
C:/ProgramData/MATLAB/SupportPackages/R2024b/3P.instrset/gnuarm-armcortex.instrset/win/bin/../lib/gcc/arm-none-eabi/13.2.1/thumb/v7e-m+fp/hard\libm.a(libm_a-s_fabs.o)
                              C:/ProgramData/MATLAB/SupportPackages/R2024b/3P.instrset/gnuarm-armcortex.instrset/win/bin/../lib/gcc/arm-none-eabi/13.2.1/thumb/v7e-m+fp/hard\libm.a(libm_a-e_rem_pio2.o) (fabs)
C:/ProgramData/MATLAB/SupportPackages/R2024b/3P.instrset/gnuarm-armcortex.instrset/win/bin/../lib/gcc/arm-none-eabi/13.2.1/thumb/v7e-m+fp/hard\libm.a(libm_a-k_rem_pio2.o)
                              C:/ProgramData/MATLAB/SupportPackages/R2024b/3P.instrset/gnuarm-armcortex.instrset/win/bin/../lib/gcc/arm-none-eabi/13.2.1/thumb/v7e-m+fp/hard\libm.a(libm_a-e_rem_pio2.o) (__kernel_rem_pio2)
C:/ProgramData/MATLAB/SupportPackages/R2024b/3P.instrset/gnuarm-armcortex.instrset/win/bin/../lib/gcc/arm-none-eabi/13.2.1/thumb/v7e-m+fp/hard\libm.a(libm_a-s_scalbn.o)
                              C:/ProgramData/MATLAB/SupportPackages/R2024b/3P.instrset/gnuarm-armcortex.instrset/win/bin/../lib/gcc/arm-none-eabi/13.2.1/thumb/v7e-m+fp/hard\libm.a(libm_a-k_rem_pio2.o) (scalbn)
C:/ProgramData/MATLAB/SupportPackages/R2024b/3P.instrset/gnuarm-armcortex.instrset/win/bin/../lib/gcc/arm-none-eabi/13.2.1/thumb/v7e-m+fp/hard\libgcc.a(_arm_muldf3.o)
                              MTi_Driver.o (__aeabi_dmul)
C:/ProgramData/MATLAB/SupportPackages/R2024b/3P.instrset/gnuarm-armcortex.instrset/win/bin/../lib/gcc/arm-none-eabi/13.2.1/thumb/v7e-m+fp/hard\libgcc.a(_arm_addsubdf3.o)
                              C:/ProgramData/MATLAB/SupportPackages/R2024b/3P.instrset/gnuarm-armcortex.instrset/win/bin/../lib/gcc/arm-none-eabi/13.2.1/thumb/v7e-m+fp/hard\libm.a(libm_a-s_cos.o) (__aeabi_dsub)
C:/ProgramData/MATLAB/SupportPackages/R2024b/3P.instrset/gnuarm-armcortex.instrset/win/bin/../lib/gcc/arm-none-eabi/13.2.1/thumb/v7e-m+fp/hard\libgcc.a(_arm_muldivdf3.o)
                              C:/ProgramData/MATLAB/SupportPackages/R2024b/3P.instrset/gnuarm-armcortex.instrset/win/bin/../lib/gcc/arm-none-eabi/13.2.1/thumb/v7e-m+fp/hard\libm.a(libm_a-w_fmod.o) (__aeabi_ddiv)
C:/ProgramData/MATLAB/SupportPackages/R2024b/3P.instrset/gnuarm-armcortex.instrset/win/bin/../lib/gcc/arm-none-eabi/13.2.1/thumb/v7e-m+fp/hard\libgcc.a(_arm_cmpdf2.o)
                              rt_nonfinite.o (__aeabi_dcmpeq)
[...]
Memory Configuration

Name             Origin             Length             Attributes
RAM              0x20000000         0x00020000         xrw
FLASH            0x08000000         0x00080000         xr
*default*        0x00000000         0xffffffff

Linker script and memory map

LOAD C:/ProgramData/MATLAB/SupportPackages/R2024b/3P.instrset/gnuarm-armcortex.instrset/win/bin/../lib/gcc/arm-none-eabi/13.2.1/thumb/v7e-m+fp/hard/crti.o
LOAD C:/ProgramData/MATLAB/SupportPackages/R2024b/3P.instrset/gnuarm-armcortex.instrset/win/bin/../lib/gcc/arm-none-eabi/13.2.1/thumb/v7e-m+fp/hard/crtbegin.o
LOAD C:/ProgramData/MATLAB/SupportPackages/R2024b/3P.instrset/gnuarm-armcortex.instrset/win/bin/../lib/gcc/arm-none-eabi/13.2.1/thumb/v7e-m+fp/hard/crt0.o
LOAD mw_stm32_i2c_v1_ll.o
LOAD mw_stm32_utils.o
LOAD MTi_Driver.o
LOAD xbus.o
LOAD ert_main.o
LOAD rtGetInf.o
LOAD rtGetNaN.o
LOAD rt_nonfinite.o
LOAD sads_balance_cubemodel.o
LOAD sads_balance_cubemodel_data.o
LOAD overrideHALDelay.o
LOAD platform_timer.o
LOAD SysTickScheduler.o
LOAD m3m4m4f_multitasking.o
LOAD main.o
LOAD gpio.o
LOAD dma.o
LOAD i2c.o
LOAD tim.o
LOAD usart.o
LOAD stm32f4xx_it.o
LOAD stm32f4xx_hal_msp.o
LOAD stm32f4xx_hal_timebase_tim.o
LOAD stm32f4xx_ll_gpio.o
LOAD stm32f4xx_ll_dma.o
LOAD stm32f4xx_ll_i2c.o
LOAD stm32f4xx_ll_rcc.o
LOAD stm32f4xx_ll_utils.o
LOAD stm32f4xx_ll_exti.o
LOAD stm32f4xx_hal_rcc.o
LOAD stm32f4xx_hal_rcc_ex.o
LOAD stm32f4xx_hal_flash.o
LOAD stm32f4xx_hal_flash_ex.o
LOAD stm32f4xx_hal_flash_ramfunc.o
LOAD stm32f4xx_hal_gpio.o
LOAD stm32f4xx_hal_dma_ex.o
LOAD stm32f4xx_hal_dma.o
LOAD stm32f4xx_hal_pwr.o
LOAD stm32f4xx_hal_pwr_ex.o
LOAD stm32f4xx_hal_cortex.o
LOAD stm32f4xx_hal.o
LOAD stm32f4xx_hal_exti.o
LOAD stm32f4xx_hal_tim.o
LOAD stm32f4xx_hal_tim_ex.o
LOAD stm32f4xx_ll_tim.o
LOAD stm32f4xx_ll_usart.o
LOAD system_stm32f4xx.o
LOAD syscalls.o
LOAD sysmem.o
LOAD startup_stm32f446retx.o
LOAD C:/ProgramData/MATLAB/SupportPackages/R2024b/3P.instrset/cmsis_dsp.instrset/Lib/GCC/arm_cortexm4ldfsp_math/libCMSISDSP.a
LOAD C:/ProgramData/MATLAB/SupportPackages/R2024b/toolbox/shared/supportpackages/stm32/lib/GCC/libmw_pdmfilter_m4_spfp.lib
LOAD C:/ProgramData/MATLAB/SupportPackages/R2024b/3P.instrset/gnuarm-armcortex.instrset/win/bin/../lib/gcc/arm-none-eabi/13.2.1/thumb/v7e-m+fp/hard\libstdc++_nano.a
LOAD C:/ProgramData/MATLAB/SupportPackages/R2024b/3P.instrset/gnuarm-armcortex.instrset/win/bin/../lib/gcc/arm-none-eabi/13.2.1/thumb/v7e-m+fp/hard\libm.a
START GROUP
LOAD C:/ProgramData/MATLAB/SupportPackages/R2024b/3P.instrset/gnuarm-armcortex.instrset/win/bin/../lib/gcc/arm-none-eabi/13.2.1/thumb/v7e-m+fp/hard\libgcc.a
LOAD C:/ProgramData/MATLAB/SupportPackages/R2024b/3P.instrset/gnuarm-armcortex.instrset/win/bin/../lib/gcc/arm-none-eabi/13.2.1/thumb/v7e-m+fp/hard\libc_nano.a
END GROUP
START GROUP
LOAD C:/ProgramData/MATLAB/SupportPackages/R2024b/3P.instrset/gnuarm-armcortex.instrset/win/bin/../lib/gcc/arm-none-eabi/13.2.1/thumb/v7e-m+fp/hard\libgcc.a
LOAD C:/ProgramData/MATLAB/SupportPackages/R2024b/3P.instrset/gnuarm-armcortex.instrset/win/bin/../lib/gcc/arm-none-eabi/13.2.1/thumb/v7e-m+fp/hard\libc_nano.a
LOAD C:/ProgramData/MATLAB/SupportPackages/R2024b/3P.instrset/gnuarm-armcortex.instrset/win/bin/../lib/gcc/arm-none-eabi/13.2.1/thumb/v7e-m+fp/hard\libnosys.a
END GROUP
START GROUP
LOAD C:/ProgramData/MATLAB/SupportPackages/R2024b/3P.instrset/gnuarm-armcortex.instrset/win/bin/../lib/gcc/arm-none-eabi/13.2.1/thumb/v7e-m+fp/hard\libgcc.a
LOAD C:/ProgramData/MATLAB/SupportPackages/R2024b/3P.instrset/gnuarm-armcortex.instrset/win/bin/../lib/gcc/arm-none-eabi/13.2.1/thumb/v7e-m+fp/hard\libc_nano.a
LOAD C:/ProgramData/MATLAB/SupportPackages/R2024b/3P.instrset/gnuarm-armcortex.instrset/win/bin/../lib/gcc/arm-none-eabi/13.2.1/thumb/v7e-m+fp/hard\libnosys.a
END GROUP
LOAD C:/ProgramData/MATLAB/SupportPackages/R2024b/3P.instrset/gnuarm-armcortex.instrset/win/bin/../lib/gcc/arm-none-eabi/13.2.1/thumb/v7e-m+fp/hard/crtend.o
LOAD C:/ProgramData/MATLAB/SupportPackages/R2024b/3P.instrset/gnuarm-armcortex.instrset/win/bin/../lib/gcc/arm-none-eabi/13.2.1/thumb/v7e-m+fp/hard/crtn.o
                0x20020000                        _estack = (ORIGIN (RAM) + LENGTH (RAM))
                0x00000200                        _Min_Heap_Size = 0x200
                0x00000400                        _Min_Stack_Size = 0x400

.isr_vector     0x08000000      0x1c4
                0x08000000                        . = ALIGN (0x4)
 *(.isr_vector)
 .isr_vector    0x08000000      0x1c4 startup_stm32f446retx.o
                0x08000000                g_pfnVectors
                0x080001c4                        . = ALIGN (0x4)

.text           0x080001c8     0x7358
                0x080001c8                        . = ALIGN (0x4)
 *(.text)
 .text          0x080001c8      0x378 C:/ProgramData/MATLAB/SupportPackages/R2024b/3P.instrset/gnuarm-armcortex.instrset/win/bin/../lib/gcc/arm-none-eabi/13.2.1/thumb/v7e-m+fp/hard\libgcc.a(_arm_addsubdf3.o)
                0x080001c8                __aeabi_drsub
                0x080001d0                __aeabi_dsub
                0x080001d0                __subdf3
                0x080001d4                __aeabi_dadd
                0x080001d4                __adddf3
                0x0800044c                __floatunsidf
                0x0800044c                __aeabi_ui2d
                0x0800046c                __floatsidf
                0x0800046c                __aeabi_i2d
                0x08000490                __aeabi_f2d
                0x08000490                __extendsfdf2
                0x080004d4                __floatundidf
                0x080004d4                __aeabi_ul2d
                0x080004e4                __floatdidf
                0x080004e4                __aeabi_l2d
 .text          0x08000540      0x424 C:/ProgramData/MATLAB/SupportPackages/R2024b/3P.instrset/gnuarm-armcortex.instrset/win/bin/../lib/gcc/arm-none-eabi/13.2.1/thumb/v7e-m+fp/hard\libgcc.a(_arm_muldivdf3.o)
                0x08000540                __aeabi_dmul
                0x08000540                __muldf3
                0x08000794                __divdf3
                0x08000794                __aeabi_ddiv
 .text          0x08000964      0x110 C:/ProgramData/MATLAB/SupportPackages/R2024b/3P.instrset/gnuarm-armcortex.instrset/win/bin/../lib/gcc/arm-none-eabi/13.2.1/thumb/v7e-m+fp/hard\libgcc.a(_arm_cmpdf2.o)
                0x08000964                __gtdf2
                0x08000964                __gedf2
                0x0800096c                __ltdf2
                0x0800096c                __ledf2
                0x08000974                __nedf2
                0x08000974                __eqdf2
                0x08000974                __cmpdf2
                0x080009f0                __aeabi_cdrcmple
                0x08000a00                __aeabi_cdcmpeq
                0x08000a00                __aeabi_cdcmple
                0x08000a10                __aeabi_dcmpeq
                0x08000a24                __aeabi_dcmplt
                0x08000a38                __aeabi_dcmple
                0x08000a4c                __aeabi_dcmpge
                0x08000a60                __aeabi_dcmpgt
 .text          0x08000a74       0x2c C:/ProgramData/MATLAB/SupportPackages/R2024b/3P.instrset/gnuarm-armcortex.instrset/win/bin/../lib/gcc/arm-none-eabi/13.2.1/thumb/v7e-m+fp/hard\libgcc.a(_arm_unorddf2.o)
                0x08000a74                __unorddf2
                0x08000a74                __aeabi_dcmpun
 .text          0x08000aa0       0x50 C:/ProgramData/MATLAB/SupportPackages/R2024b/3P.instrset/gnuarm-armcortex.instrset/win/bin/../lib/gcc/arm-none-eabi/13.2.1/thumb/v7e-m+fp/hard\libgcc.a(_arm_fixdfsi.o)
                0x08000aa0                __aeabi_d2iz
                0x08000aa0                __fixdfsi
 .text          0x08000af0       0xa0 C:/ProgramData/MATLAB/SupportPackages/R2024b/3P.instrset/gnuarm-armcortex.instrset/win/bin/../lib/gcc/arm-none-eabi/13.2.1/thumb/v7e-m+fp/hard\libgcc.a(_arm_truncdfsf2.o)
                0x08000af0                __truncdfsf2
                0x08000af0                __aeabi_d2f
 .text          0x08000b90       0x30 C:/ProgramData/MATLAB/SupportPackages/R2024b/3P.instrset/gnuarm-armcortex.instrset/win/bin/../lib/gcc/arm-none-eabi/13.2.1/thumb/v7e-m+fp/hard\libgcc.a(_aeabi_uldivmod.o)
                0x08000b90                __aeabi_uldivmod
 .text          0x08000bc0        0x4 C:/ProgramData/MATLAB/SupportPackages/R2024b/3P.instrset/gnuarm-armcortex.instrset/win/bin/../lib/gcc/arm-none-eabi/13.2.1/thumb/v7e-m+fp/hard\libgcc.a(_dvmd_tls.o)
                0x08000bc0                __aeabi_idiv0
                0x08000bc0                __aeabi_ldiv0
 *(.text*)
 .text.deregister_tm_clones
                0x08000bc4       0x1c C:/ProgramData/MATLAB/SupportPackages/R2024b/3P.instrset/gnuarm-armcortex.instrset/win/bin/../lib/gcc/arm-none-eabi/13.2.1/thumb/v7e-m+fp/hard/crtbegin.o
 .text.register_tm_clones
                0x08000be0       0x24 C:/ProgramData/MATLAB/SupportPackages/R2024b/3P.instrset/gnuarm-armcortex.instrset/win/bin/../lib/gcc/arm-none-eabi/13.2.1/thumb/v7e-m+fp/hard/crtbegin.o
 .text.__do_global_dtors_aux
                0x08000c04       0x28 C:/ProgramData/MATLAB/SupportPackages/R2024b/3P.instrset/gnuarm-armcortex.instrset/win/bin/../lib/gcc/arm-none-eabi/13.2.1/thumb/v7e-m+fp/hard/crtbegin.o
 .text.frame_dummy
                0x08000c2c       0x24 C:/ProgramData/MATLAB/SupportPackages/R2024b/3P.instrset/gnuarm-armcortex.instrset/win/bin/../lib/gcc/arm-none-eabi/13.2.1/thumb/v7e-m+fp/hard/crtbegin.o
 .text.LL_I2C_Enable
                0x08000c50       0x20 mw_stm32_i2c_v1_ll.o
 .text.LL_I2C_Disable
                0x08000c70       0x20 mw_stm32_i2c_v1_ll.o
 .text.LL_I2C_IsEnabled
                0x08000c90       0x26 mw_stm32_i2c_v1_ll.o
 .text.LL_I2C_IsActiveFlag_TXE
                0x08000cb6       0x26 mw_stm32_i2c_v1_ll.o
 .text.LL_I2C_IsActiveFlag_BTF
                0x08000cdc       0x26 mw_stm32_i2c_v1_ll.o
 .text.LL_I2C_IsActiveFlag_RXNE
                0x08000d02       0x26 mw_stm32_i2c_v1_ll.o
 .text.LL_I2C_IsActiveFlag_SB
                0x08000d28       0x26 mw_stm32_i2c_v1_ll.o
 .text.LL_I2C_IsActiveFlag_ADDR
                0x08000d4e       0x26 mw_stm32_i2c_v1_ll.o
 .text.LL_I2C_IsActiveFlag_AF
                0x08000d74       0x28 mw_stm32_i2c_v1_ll.o
 .text.LL_I2C_IsActiveFlag_STOP
                0x08000d9c       0x26 mw_stm32_i2c_v1_ll.o
 .text.LL_I2C_IsActiveFlag_BERR
                0x08000dc2       0x28 mw_stm32_i2c_v1_ll.o
 .text.LL_I2C_IsActiveFlag_ARLO
                0x08000dea       0x28 mw_stm32_i2c_v1_ll.o
 .text.LL_I2C_ClearFlag_ADDR
                0x08000e12       0x24 mw_stm32_i2c_v1_ll.o
 .text.LL_I2C_ClearFlag_AF
                0x08000e36       0x20 mw_stm32_i2c_v1_ll.o
 .text.LL_I2C_ClearFlag_STOP
                0x08000e56       0x28 mw_stm32_i2c_v1_ll.o
 .text.LL_I2C_ClearFlag_BERR
                0x08000e7e       0x20 mw_stm32_i2c_v1_ll.o
 .text.LL_I2C_ClearFlag_ARLO
                0x08000e9e       0x20 mw_stm32_i2c_v1_ll.o
 .text.LL_I2C_EnableReset
                0x08000ebe       0x20 mw_stm32_i2c_v1_ll.o
 .text.LL_I2C_DisableReset
                0x08000ede       0x20 mw_stm32_i2c_v1_ll.o
 .text.LL_I2C_AcknowledgeNextData
                0x08000efe       0x26 mw_stm32_i2c_v1_ll.o
 .text.LL_I2C_GenerateStartCondition
                0x08000f24       0x20 mw_stm32_i2c_v1_ll.o
 .text.LL_I2C_GenerateStopCondition
                0x08000f44       0x20 mw_stm32_i2c_v1_ll.o
 .text.LL_I2C_EnableBitPOS
                0x08000f64       0x20 mw_stm32_i2c_v1_ll.o
 .text.LL_I2C_DisableBitPOS
                0x08000f84       0x20 mw_stm32_i2c_v1_ll.o
 .text.LL_I2C_ReceiveData8
                0x08000fa4       0x1a mw_stm32_i2c_v1_ll.o
 .text.LL_I2C_TransmitData8
                0x08000fbe       0x28 mw_stm32_i2c_v1_ll.o
 .text.I2C_SwReset
                0x08000fe6       0x66 mw_stm32_i2c_v1_ll.o
 .text.I2C_Init
                0x0800104c       0xcc mw_stm32_i2c_v1_ll.o
                0x0800104c                I2C_Init
 .text.I2C_GetErrorStatus
                0x08001118       0x8c mw_stm32_i2c_v1_ll.o
 .text.I2C_CheckFlagTimeout
                0x080011a4       0x72 mw_stm32_i2c_v1_ll.o
                0x080011a4                I2C_CheckFlagTimeout
 *fill*         0x08001216        0x2 
 .text.I2C_Controller_TransmitData_Polling
                0x08001218      0x1b0 mw_stm32_i2c_v1_ll.o
                0x08001218                I2C_Controller_TransmitData_Polling
 .text.I2C_Controller_ReceiveData_Polling
                0x080013c8      0x328 mw_stm32_i2c_v1_ll.o
                0x080013c8                I2C_Controller_ReceiveData_Polling
 .text.MTi_Driver_Init
                0x080016f0        0xe MTi_Driver.o
                0x080016f0                MTi_Driver_Init
 *fill*         0x080016fe        0x2 
 .text.MTi_Driver_Step
                0x08001700      0x308 MTi_Driver.o
                0x08001700                MTi_Driver_Step
 .text.extractUint8
                0x08001a08       0x30 xbus.o
                0x08001a08                extractUint8
 .text.extractUint16
                0x08001a38       0x60 xbus.o
                0x08001a38                extractUint16
 .text.extractUint32
                0x08001a98       0x94 xbus.o
                0x08001a98                extractUint32
 .text.extractFloat
                0x08001b2c       0x2a xbus.o
                0x08001b2c                extractFloat
 *fill*         0x08001b56        0x2 
 .text.rt_OneStep
                0x08001b58       0x4c ert_main.o
                0x08001b58                rt_OneStep
 .text.main     0x08001ba4       0xdc ert_main.o
                0x08001ba4                main
 .text.rtGetInf
                0x08001c80       0x60 rtGetInf.o
                0x08001c80                rtGetInf
 .text.rtGetInfF
                0x08001ce0       0x20 rtGetInf.o
                0x08001ce0                rtGetInfF
 .text.rtGetMinusInf
                0x08001d00       0x60 rtGetInf.o
                0x08001d00                rtGetMinusInf
 .text.rtGetMinusInfF
                0x08001d60       0x24 rtGetInf.o
                0x08001d60                rtGetMinusInfF
 .text.rtGetNaN
                0x08001d84       0x60 rtGetNaN.o
                0x08001d84                rtGetNaN
 .text.rtGetNaNF
                0x08001de4       0x28 rtGetNaN.o
                0x08001de4                rtGetNaNF
 .text.rt_InitInfAndNaN
                0x08001e0c       0x88 rt_nonfinite.o
                0x08001e0c                rt_InitInfAndNaN
 .text.rtIsInfF
                0x08001e94       0x4c rt_nonfinite.o
                0x08001e94                rtIsInfF
 .text.rtIsNaNF
                0x08001ee0       0x38 rt_nonfinite.o
                0x08001ee0                rtIsNaNF
 .text.sads_balance_c_SystemCore_setup
                0x08001f18       0x5c sads_balance_cubemodel.o
 .text.sads_bala_I2CDrvBlock_setupImpl
                0x08001f74       0x4c sads_balance_cubemodel.o
 .text.sads_balance_cubemodel_step
                0x08001fc0      0x74c sads_balance_cubemodel.o
                0x08001fc0                sads_balance_cubemodel_step
 .text.sads_balance_cubemodel_initialize
                0x0800270c      0x164 sads_balance_cubemodel.o
                0x0800270c                sads_balance_cubemodel_initialize
 .text.sads_balance_cubemodel_terminate
                0x08002870       0x64 sads_balance_cubemodel.o
                0x08002870                sads_balance_cubemodel_terminate
 .text.PeriphCommonClock_Config
                0x080028d4       0x10 platform_timer.o
                0x080028d4                PeriphCommonClock_Config
 .text.__NVIC_SetPriority
                0x080028e4       0x54 SysTickScheduler.o
 .text.SysTick_Config
                0x08002938       0x44 SysTickScheduler.o
 .text.SysTick_Isr
                0x0800297c       0x48 SysTickScheduler.o
 .text.SysTick_Handler
                0x080029c4       0x20 SysTickScheduler.o
                0x080029c4                SysTick_Handler
 .text.ARMCM_SysTick_Config
                0x080029e4       0xb0 SysTickScheduler.o
                0x080029e4                ARMCM_SysTick_Config
 .text.PendSV_Handler
                0x08002a94       0x44 m3m4m4f_multitasking.o
                0x08002a94                PendSV_Handler
 .text.SVC_Handler
                0x08002ad8       0x58 m3m4m4f_multitasking.o
                0x08002ad8                SVC_Handler
 .text.LL_RCC_HSI_Enable
                0x08002b30       0x20 main.o
 .text.LL_RCC_HSI_IsReady
                0x08002b50       0x24 main.o
 .text.LL_RCC_HSI_SetCalibTrimming
                0x08002b74       0x2c main.o
 .text.LL_RCC_SetSysClkSource
                0x08002ba0       0x28 main.o
 .text.LL_RCC_GetSysClkSource
                0x08002bc8       0x1c main.o
 .text.LL_RCC_SetAHBPrescaler
                0x08002be4       0x28 main.o
 .text.LL_RCC_SetAPB1Prescaler
                0x08002c0c       0x28 main.o
 .text.LL_RCC_SetAPB2Prescaler
                0x08002c34       0x28 main.o
 .text.LL_RCC_SetTIMPrescaler
                0x08002c5c       0x2c main.o
 .text.LL_RCC_PLL_Enable
                0x08002c88       0x20 main.o
 .text.LL_RCC_PLL_IsReady
                0x08002ca8       0x28 main.o
 .text.LL_RCC_PLL_ConfigDomain_SYS
                0x08002cd0       0x5c main.o
 .text.LL_FLASH_SetLatency
                0x08002d2c       0x28 main.o
 .text.LL_FLASH_GetLatency
                0x08002d54       0x1c main.o
 .text.LL_PWR_EnableOverDriveMode
                0x08002d70       0x20 main.o
 .text.LL_PWR_SetRegulVoltageScaling
                0x08002d90       0x28 main.o
 .text.SystemClock_Config
                0x08002db8       0xa0 main.o
                0x08002db8                SystemClock_Config
 .text.HAL_TIM_PeriodElapsedCallback
                0x08002e58       0x24 main.o
                0x08002e58                HAL_TIM_PeriodElapsedCallback
 .text.Error_Handler
                0x08002e7c        0xc main.o
                0x08002e7c                Error_Handler
 .text.__NVIC_GetPriorityGrouping
                0x08002e88       0x1c gpio.o
 .text.__NVIC_EnableIRQ
                0x08002ea4       0x3c gpio.o
 .text.__NVIC_SetPriority
                0x08002ee0       0x54 gpio.o
 .text.NVIC_EncodePriority
                0x08002f34       0x66 gpio.o
 *fill*         0x08002f9a        0x2 
 .text.LL_AHB1_GRP1_EnableClock
                0x08002f9c       0x30 gpio.o
 .text.LL_SYSCFG_SetEXTISource
                0x08002fcc       0x6c gpio.o
 .text.LL_GPIO_SetPinMode
                0x08003038       0x7a gpio.o
 .text.LL_GPIO_SetPinPull
                0x080030b2       0x7a gpio.o
 .text.LL_GPIO_SetOutputPin
                0x0800312c       0x1c gpio.o
 .text.LL_GPIO_ResetOutputPin
                0x08003148       0x1e gpio.o
 *fill*         0x08003166        0x2 
 .text.MX_GPIO_Init
                0x08003168      0x188 gpio.o
                0x08003168                MX_GPIO_Init
 .text.__NVIC_GetPriorityGrouping
                0x080032f0       0x1c dma.o
 .text.__NVIC_EnableIRQ
                0x0800330c       0x3c dma.o
 .text.__NVIC_SetPriority
                0x08003348       0x54 dma.o
 .text.NVIC_EncodePriority
                0x0800339c       0x66 dma.o
 *fill*         0x08003402        0x2 
 .text.LL_AHB1_GRP1_EnableClock
                0x08003404       0x30 dma.o
 .text.MX_DMA_Init
                0x08003434       0x30 dma.o
                0x08003434                MX_DMA_Init
 .text.LL_I2C_EnableClockStretching
                0x08003464       0x20 i2c.o
 .text.LL_I2C_DisableGeneralCall
                0x08003484       0x20 i2c.o
 .text.LL_I2C_SetOwnAddress2
                0x080034a4       0x26 i2c.o
 .text.LL_I2C_DisableOwnAddress2
                0x080034ca       0x20 i2c.o
 *fill*         0x080034ea        0x2 
 .text.LL_AHB1_GRP1_EnableClock
                0x080034ec       0x30 i2c.o
 .text.LL_APB1_GRP1_EnableClock
                0x0800351c       0x30 i2c.o
 .text.MX_I2C1_Init
                0x0800354c       0xb0 i2c.o
                0x0800354c                MX_I2C1_Init
 .text.MX_I2C2_Init
                0x080035fc       0xdc i2c.o
                0x080035fc                MX_I2C2_Init
 .text.__NVIC_GetPriorityGrouping
                0x080036d8       0x1c tim.o
 .text.__NVIC_EnableIRQ
                0x080036f4       0x3c tim.o
 .text.__NVIC_SetPriority
                0x08003730       0x54 tim.o
 .text.NVIC_EncodePriority
                0x08003784       0x66 tim.o
 *fill*         0x080037ea        0x2 
 .text.LL_APB1_GRP1_EnableClock
                0x080037ec       0x30 tim.o
 .text.LL_TIM_DisableARRPreload
                0x0800381c       0x20 tim.o
 .text.LL_TIM_SetClockSource
                0x0800383c       0x2a tim.o
 .text.LL_TIM_SetTriggerOutput
                0x08003866       0x26 tim.o
 .text.LL_TIM_DisableMasterSlaveMode
                0x0800388c       0x20 tim.o
 .text.MX_TIM2_Init
                0x080038ac       0x84 tim.o
                0x080038ac                MX_TIM2_Init
 .text.LL_DMA_SetDataTransferDirection
                0x08003930       0x48 usart.o
 .text.LL_DMA_SetMode
                0x08003978       0x48 usart.o
 .text.LL_DMA_SetPeriphIncMode
                0x080039c0       0x48 usart.o
 .text.LL_DMA_SetMemoryIncMode
                0x08003a08       0x48 usart.o
 .text.LL_DMA_SetPeriphSize
                0x08003a50       0x48 usart.o
 .text.LL_DMA_SetMemorySize
                0x08003a98       0x48 usart.o
 .text.LL_DMA_SetStreamPriorityLevel
                0x08003ae0       0x48 usart.o
 .text.LL_DMA_SetChannelSelection
                0x08003b28       0x48 usart.o
 .text.LL_DMA_DisableFifoMode
                0x08003b70       0x40 usart.o
 .text.LL_AHB1_GRP1_EnableClock
                0x08003bb0       0x30 usart.o
 .text.LL_APB1_GRP1_EnableClock
                0x08003be0       0x30 usart.o
 .text.LL_USART_Enable
                0x08003c10       0x20 usart.o
 .text.LL_USART_ConfigAsyncMode
                0x08003c30       0x2c usart.o
 .text.MX_USART2_UART_Init
                0x08003c5c      0x100 usart.o
                0x08003c5c                MX_USART2_UART_Init
 .text.LL_EXTI_IsActiveFlag_0_31
                0x08003d5c       0x2c stm32f4xx_it.o
 .text.LL_EXTI_ClearFlag_0_31
                0x08003d88       0x20 stm32f4xx_it.o
 .text.NMI_Handler
                0x08003da8        0x8 stm32f4xx_it.o
                0x08003da8                NMI_Handler
 .text.HardFault_Handler
                0x08003db0        0x8 stm32f4xx_it.o
                0x08003db0                HardFault_Handler
 .text.MemManage_Handler
                0x08003db8        0x8 stm32f4xx_it.o
                0x08003db8                MemManage_Handler
 .text.BusFault_Handler
                0x08003dc0        0x8 stm32f4xx_it.o
                0x08003dc0                BusFault_Handler
 .text.UsageFault_Handler
                0x08003dc8        0x8 stm32f4xx_it.o
                0x08003dc8                UsageFault_Handler
 .text.DebugMon_Handler
                0x08003dd0        0xe stm32f4xx_it.o
                0x08003dd0                DebugMon_Handler
 .text.EXTI3_IRQHandler
                0x08003dde       0x1a stm32f4xx_it.o
                0x08003dde                EXTI3_IRQHandler
 .text.DMA1_Stream5_IRQHandler
                0x08003df8        0xe stm32f4xx_it.o
                0x08003df8                DMA1_Stream5_IRQHandler
 .text.TIM2_IRQHandler
                0x08003e06        0xe stm32f4xx_it.o
                0x08003e06                TIM2_IRQHandler
 .text.TIM5_IRQHandler
                0x08003e14       0x14 stm32f4xx_it.o
                0x08003e14                TIM5_IRQHandler
 .text.HAL_MspInit
                0x08003e28       0x50 stm32f4xx_hal_msp.o
                0x08003e28                HAL_MspInit
 .text.HAL_InitTick
                0x08003e78       0xb4 stm32f4xx_hal_timebase_tim.o
                0x08003e78                HAL_InitTick
 .text.LL_GPIO_SetPinMode
                0x08003f2c       0x7a stm32f4xx_ll_gpio.o
 .text.LL_GPIO_SetPinOutputType
                0x08003fa6       0x30 stm32f4xx_ll_gpio.o
 .text.LL_GPIO_SetPinSpeed
                0x08003fd6       0x7a stm32f4xx_ll_gpio.o
 .text.LL_GPIO_SetPinPull
                0x08004050       0x7a stm32f4xx_ll_gpio.o
 .text.LL_GPIO_SetAFPin_0_7
                0x080040ca       0x7a stm32f4xx_ll_gpio.o
 .text.LL_GPIO_SetAFPin_8_15
                0x08004144       0x7e stm32f4xx_ll_gpio.o
 .text.LL_GPIO_Init
                0x080041c2      0x102 stm32f4xx_ll_gpio.o
                0x080041c2                LL_GPIO_Init
 .text.LL_I2C_Enable
                0x080042c4       0x20 stm32f4xx_ll_i2c.o
 .text.LL_I2C_Disable
                0x080042e4       0x20 stm32f4xx_ll_i2c.o
 .text.LL_I2C_ConfigFilters
                0x08004304       0x2c stm32f4xx_ll_i2c.o
 .text.LL_I2C_SetOwnAddress1
                0x08004330       0x30 stm32f4xx_ll_i2c.o
 .text.LL_I2C_ConfigSpeed
                0x08004360      0x130 stm32f4xx_ll_i2c.o
 .text.LL_I2C_SetMode
                0x08004490       0x26 stm32f4xx_ll_i2c.o
 .text.LL_I2C_AcknowledgeNextData
                0x080044b6       0x26 stm32f4xx_ll_i2c.o
 .text.LL_I2C_Init
                0x080044dc       0x72 stm32f4xx_ll_i2c.o
                0x080044dc                LL_I2C_Init
 *fill*         0x0800454e        0x2 
 .text.LL_RCC_GetSysClkSource
                0x08004550       0x1c stm32f4xx_ll_rcc.o
 .text.LL_RCC_GetAHBPrescaler
                0x0800456c       0x1c stm32f4xx_ll_rcc.o
 .text.LL_RCC_GetAPB1Prescaler
                0x08004588       0x1c stm32f4xx_ll_rcc.o
 .text.LL_RCC_GetAPB2Prescaler
                0x080045a4       0x1c stm32f4xx_ll_rcc.o
 .text.LL_RCC_PLL_GetMainSource
                0x080045c0       0x1c stm32f4xx_ll_rcc.o
 .text.LL_RCC_PLL_GetN
                0x080045dc       0x1c stm32f4xx_ll_rcc.o
 .text.LL_RCC_PLL_GetP
                0x080045f8       0x1c stm32f4xx_ll_rcc.o
 .text.LL_RCC_PLL_GetR
                0x08004614       0x1c stm32f4xx_ll_rcc.o
 .text.LL_RCC_PLL_GetDivider
                0x08004630       0x1c stm32f4xx_ll_rcc.o
 .text.LL_RCC_GetSystemClocksFreq
                0x0800464c       0x4a stm32f4xx_ll_rcc.o
                0x0800464c                LL_RCC_GetSystemClocksFreq
 *fill*         0x08004696        0x2 
 .text.RCC_GetSystemClockFreq
                0x08004698       0x88 stm32f4xx_ll_rcc.o
                0x08004698                RCC_GetSystemClockFreq
 .text.RCC_GetHCLKClockFreq
                0x08004720       0x2c stm32f4xx_ll_rcc.o
                0x08004720                RCC_GetHCLKClockFreq
 .text.RCC_GetPCLK1ClockFreq
                0x0800474c       0x28 stm32f4xx_ll_rcc.o
                0x0800474c                RCC_GetPCLK1ClockFreq
 .text.RCC_GetPCLK2ClockFreq
                0x08004774       0x28 stm32f4xx_ll_rcc.o
                0x08004774                RCC_GetPCLK2ClockFreq
 .text.RCC_PLL_GetFreqDomain_SYS
                0x0800479c       0xa4 stm32f4xx_ll_rcc.o
                0x0800479c                RCC_PLL_GetFreqDomain_SYS
 .text.LL_SetSystemCoreClock
                0x08004840       0x20 stm32f4xx_ll_utils.o
                0x08004840                LL_SetSystemCoreClock
 .text.LL_EXTI_EnableIT_0_31
                0x08004860       0x24 stm32f4xx_ll_exti.o
 .text.LL_EXTI_DisableIT_0_31
                0x08004884       0x28 stm32f4xx_ll_exti.o
 .text.LL_EXTI_EnableEvent_0_31
                0x080048ac       0x24 stm32f4xx_ll_exti.o
 .text.LL_EXTI_DisableEvent_0_31
                0x080048d0       0x28 stm32f4xx_ll_exti.o
 .text.LL_EXTI_EnableRisingTrig_0_31
                0x080048f8       0x24 stm32f4xx_ll_exti.o
 .text.LL_EXTI_DisableRisingTrig_0_31
                0x0800491c       0x28 stm32f4xx_ll_exti.o
 .text.LL_EXTI_EnableFallingTrig_0_31
                0x08004944       0x24 stm32f4xx_ll_exti.o
 .text.LL_EXTI_DisableFallingTrig_0_31
                0x08004968       0x28 stm32f4xx_ll_exti.o
 .text.LL_EXTI_Init
                0x08004990       0xfe stm32f4xx_ll_exti.o
                0x08004990                LL_EXTI_Init
 *fill*         0x08004a8e        0x2 
 .text.HAL_RCC_GetHCLKFreq
                0x08004a90       0x18 stm32f4xx_hal_rcc.o
                0x08004a90                HAL_RCC_GetHCLKFreq
 .text.HAL_RCC_GetPCLK1Freq
                0x08004aa8       0x28 stm32f4xx_hal_rcc.o
                0x08004aa8                HAL_RCC_GetPCLK1Freq
 .text.HAL_RCC_GetClockConfig
                0x08004ad0       0x64 stm32f4xx_hal_rcc.o
                0x08004ad0                HAL_RCC_GetClockConfig
 .text.__NVIC_SetPriorityGrouping
                0x08004b34       0x48 stm32f4xx_hal_cortex.o
 .text.__NVIC_GetPriorityGrouping
                0x08004b7c       0x1c stm32f4xx_hal_cortex.o
 .text.__NVIC_EnableIRQ
                0x08004b98       0x3c stm32f4xx_hal_cortex.o
 .text.__NVIC_SetPriority
                0x08004bd4       0x54 stm32f4xx_hal_cortex.o
 .text.NVIC_EncodePriority
                0x08004c28       0x66 stm32f4xx_hal_cortex.o
 .text.HAL_NVIC_SetPriorityGrouping
                0x08004c8e       0x16 stm32f4xx_hal_cortex.o
                0x08004c8e                HAL_NVIC_SetPriorityGrouping
 .text.HAL_NVIC_SetPriority
                0x08004ca4       0x38 stm32f4xx_hal_cortex.o
                0x08004ca4                HAL_NVIC_SetPriority
 .text.HAL_NVIC_EnableIRQ
                0x08004cdc       0x1c stm32f4xx_hal_cortex.o
                0x08004cdc                HAL_NVIC_EnableIRQ
 .text.HAL_Init
                0x08004cf8       0x44 stm32f4xx_hal.o
                0x08004cf8                HAL_Init
 .text.HAL_IncTick
                0x08004d3c       0x28 stm32f4xx_hal.o
                0x08004d3c                HAL_IncTick
 .text.HAL_GetTick
                0x08004d64       0x18 stm32f4xx_hal.o
                0x08004d64                HAL_GetTick
 .text.HAL_TIM_Base_Init
                0x08004d7c       0x9e stm32f4xx_hal_tim.o
                0x08004d7c                HAL_TIM_Base_Init
 .text.HAL_TIM_Base_MspInit
                0x08004e1a       0x14 stm32f4xx_hal_tim.o
                0x08004e1a                HAL_TIM_Base_MspInit
 *fill*         0x08004e2e        0x2 
 .text.HAL_TIM_Base_Start_IT
                0x08004e30       0xe0 stm32f4xx_hal_tim.o
                0x08004e30                HAL_TIM_Base_Start_IT
 .text.HAL_TIM_IRQHandler
                0x08004f10      0x210 stm32f4xx_hal_tim.o
                0x08004f10                HAL_TIM_IRQHandler
 .text.HAL_TIM_OC_DelayElapsedCallback
                0x08005120       0x14 stm32f4xx_hal_tim.o
                0x08005120                HAL_TIM_OC_DelayElapsedCallback
 .text.HAL_TIM_IC_CaptureCallback
                0x08005134       0x14 stm32f4xx_hal_tim.o
                0x08005134                HAL_TIM_IC_CaptureCallback
 .text.HAL_TIM_PWM_PulseFinishedCallback
                0x08005148       0x14 stm32f4xx_hal_tim.o
                0x08005148                HAL_TIM_PWM_PulseFinishedCallback
 .text.HAL_TIM_TriggerCallback
                0x0800515c       0x14 stm32f4xx_hal_tim.o
                0x0800515c                HAL_TIM_TriggerCallback
 .text.TIM_Base_SetConfig
                0x08005170      0x140 stm32f4xx_hal_tim.o
                0x08005170                TIM_Base_SetConfig
 .text.HAL_TIMEx_CommutCallback
                0x080052b0       0x14 stm32f4xx_hal_tim_ex.o
                0x080052b0                HAL_TIMEx_CommutCallback
 .text.HAL_TIMEx_BreakCallback
                0x080052c4       0x14 stm32f4xx_hal_tim_ex.o
                0x080052c4                HAL_TIMEx_BreakCallback
 .text.LL_TIM_SetPrescaler
                0x080052d8       0x1c stm32f4xx_ll_tim.o
 .text.LL_TIM_SetAutoReload
                0x080052f4       0x1c stm32f4xx_ll_tim.o
 .text.LL_TIM_SetRepetitionCounter
                0x08005310       0x1c stm32f4xx_ll_tim.o
 .text.LL_TIM_GenerateEvent_UPDATE
                0x0800532c       0x20 stm32f4xx_ll_tim.o
 .text.LL_TIM_Init
                0x0800534c      0x134 stm32f4xx_ll_tim.o
                0x0800534c                LL_TIM_Init
 .text.LL_USART_IsEnabled
                0x08005480       0x28 stm32f4xx_ll_usart.o
 .text.LL_USART_SetStopBitsLength
                0x080054a8       0x26 stm32f4xx_ll_usart.o
 .text.LL_USART_SetHWFlowCtrl
                0x080054ce       0x26 stm32f4xx_ll_usart.o
 .text.LL_USART_SetBaudRate
                0x080054f4      0x45c stm32f4xx_ll_usart.o
 .text.LL_USART_Init
                0x08005950      0x100 stm32f4xx_ll_usart.o
                0x08005950                LL_USART_Init
 .text.SystemInit
                0x08005a50       0x24 system_stm32f4xx.o
                0x08005a50                SystemInit
 .text.Reset_Handler
                0x08005a74       0x50 startup_stm32f446retx.o
                0x08005a74                Reset_Handler
 .text.Default_Handler
                0x08005ac4        0x2 startup_stm32f446retx.o
                0x08005ac4                RTC_Alarm_IRQHandler
                0x08005ac4                EXTI2_IRQHandler
                0x08005ac4                TIM8_CC_IRQHandler
                0x08005ac4                FMPI2C1_EV_IRQHandler
                0x08005ac4                SPI4_IRQHandler
                0x08005ac4                TIM1_CC_IRQHandler
                0x08005ac4                DMA2_Stream5_IRQHandler
                0x08005ac4                PVD_IRQHandler
                0x08005ac4                SDIO_IRQHandler
                0x08005ac4                TAMP_STAMP_IRQHandler
                0x08005ac4                CAN2_RX1_IRQHandler
                0x08005ac4                TIM8_TRG_COM_TIM14_IRQHandler
                0x08005ac4                TIM1_UP_TIM10_IRQHandler
                0x08005ac4                TIM8_UP_TIM13_IRQHandler
                0x08005ac4                I2C3_ER_IRQHandler
                0x08005ac4                EXTI0_IRQHandler
                0x08005ac4                I2C2_EV_IRQHandler
                0x08005ac4                DMA1_Stream2_IRQHandler
                0x08005ac4                CAN1_RX0_IRQHandler
                0x08005ac4                FPU_IRQHandler
                0x08005ac4                OTG_HS_WKUP_IRQHandler
                0x08005ac4                CAN2_SCE_IRQHandler
                0x08005ac4                DMA2_Stream2_IRQHandler
                0x08005ac4                SPI1_IRQHandler
                0x08005ac4                TIM6_DAC_IRQHandler
                0x08005ac4                TIM1_BRK_TIM9_IRQHandler
                0x08005ac4                DCMI_IRQHandler
                0x08005ac4                CAN2_RX0_IRQHandler
                0x08005ac4                DMA2_Stream3_IRQHandler
                0x08005ac4                SAI2_IRQHandler
                0x08005ac4                USART6_IRQHandler
                0x08005ac4                USART3_IRQHandler
                0x08005ac4                CAN1_RX1_IRQHandler
                0x08005ac4                UART5_IRQHandler
                0x08005ac4                DMA2_Stream0_IRQHandler
                0x08005ac4                TIM4_IRQHandler
                0x08005ac4                QUADSPI_IRQHandler
                0x08005ac4                I2C1_EV_IRQHandler
                0x08005ac4                DMA1_Stream6_IRQHandler
                0x08005ac4                DMA1_Stream1_IRQHandler
                0x08005ac4                UART4_IRQHandler
                0x08005ac4                TIM3_IRQHandler
                0x08005ac4                RCC_IRQHandler
                0x08005ac4                TIM8_BRK_TIM12_IRQHandler
                0x08005ac4                Default_Handler
                0x08005ac4                CEC_IRQHandler
                0x08005ac4                EXTI15_10_IRQHandler
                0x08005ac4                ADC_IRQHandler
                0x08005ac4                DMA1_Stream7_IRQHandler
                0x08005ac4                TIM7_IRQHandler
                0x08005ac4                CAN2_TX_IRQHandler
                0x08005ac4                DMA2_Stream7_IRQHandler
                0x08005ac4                I2C3_EV_IRQHandler
                0x08005ac4                EXTI9_5_IRQHandler
                0x08005ac4                RTC_WKUP_IRQHandler
                0x08005ac4                SPDIF_RX_IRQHandler
                0x08005ac4                SPI2_IRQHandler
                0x08005ac4                OTG_HS_EP1_IN_IRQHandler
                0x08005ac4                DMA1_Stream0_IRQHandler
                0x08005ac4                CAN1_TX_IRQHandler
                0x08005ac4                FMPI2C1_ER_IRQHandler
                0x08005ac4                EXTI4_IRQHandler
                0x08005ac4                OTG_HS_EP1_OUT_IRQHandler
                0x08005ac4                WWDG_IRQHandler
                0x08005ac4                OTG_FS_WKUP_IRQHandler
                0x08005ac4                TIM1_TRG_COM_TIM11_IRQHandler
                0x08005ac4                OTG_HS_IRQHandler
                0x08005ac4                EXTI1_IRQHandler
                0x08005ac4                USART2_IRQHandler
                0x08005ac4                I2C2_ER_IRQHandler
                0x08005ac4                DMA2_Stream1_IRQHandler
                0x08005ac4                CAN1_SCE_IRQHandler
                0x08005ac4                FLASH_IRQHandler
                0x08005ac4                DMA2_Stream4_IRQHandler
                0x08005ac4                USART1_IRQHandler
                0x08005ac4                OTG_FS_IRQHandler
                0x08005ac4                SPI3_IRQHandler
                0x08005ac4                DMA1_Stream4_IRQHandler
                0x08005ac4                I2C1_ER_IRQHandler
                0x08005ac4                FMC_IRQHandler
                0x08005ac4                DMA2_Stream6_IRQHandler
                0x08005ac4                SAI1_IRQHandler
                0x08005ac4                DMA1_Stream3_IRQHandler
 *fill*         0x08005ac6        0x2 
 .text.fmod     0x08005ac8       0x6c C:/ProgramData/MATLAB/SupportPackages/R2024b/3P.instrset/gnuarm-armcortex.instrset/win/bin/../lib/gcc/arm-none-eabi/13.2.1/thumb/v7e-m+fp/hard\libm.a(libm_a-w_fmod.o)
                0x08005ac8                fmod
 *fill*         0x08005b34        0x4 
 .text.cos      0x08005b38       0x88 C:/ProgramData/MATLAB/SupportPackages/R2024b/3P.instrset/gnuarm-armcortex.instrset/win/bin/../lib/gcc/arm-none-eabi/13.2.1/thumb/v7e-m+fp/hard\libm.a(libm_a-s_cos.o)
                0x08005b38                cos
 .text.sin      0x08005bc0       0x90 C:/ProgramData/MATLAB/SupportPackages/R2024b/3P.instrset/gnuarm-armcortex.instrset/win/bin/../lib/gcc/arm-none-eabi/13.2.1/thumb/v7e-m+fp/hard\libm.a(libm_a-s_sin.o)
                0x08005bc0                sin
 .text.floor    0x08005c50      0x108 C:/ProgramData/MATLAB/SupportPackages/R2024b/3P.instrset/gnuarm-armcortex.instrset/win/bin/../lib/gcc/arm-none-eabi/13.2.1/thumb/v7e-m+fp/hard\libm.a(libm_a-s_floor.o)
                0x08005c50                floor
 .text.__kernel_cos
                0x08005d58      0x26c C:/ProgramData/MATLAB/SupportPackages/R2024b/3P.instrset/gnuarm-armcortex.instrset/win/bin/../lib/gcc/arm-none-eabi/13.2.1/thumb/v7e-m+fp/hard\libm.a(libm_a-k_cos.o)
                0x08005d58                __kernel_cos
 *fill*         0x08005fc4        0x4 
 .text.__kernel_sin
                0x08005fc8      0x17c C:/ProgramData/MATLAB/SupportPackages/R2024b/3P.instrset/gnuarm-armcortex.instrset/win/bin/../lib/gcc/arm-none-eabi/13.2.1/thumb/v7e-m+fp/hard\libm.a(libm_a-k_sin.o)
                0x08005fc8                __kernel_sin
 .text.__ieee754_fmod
                0x08006144      0x30c C:/ProgramData/MATLAB/SupportPackages/R2024b/3P.instrset/gnuarm-armcortex.instrset/win/bin/../lib/gcc/arm-none-eabi/13.2.1/thumb/v7e-m+fp/hard\libm.a(libm_a-e_fmod.o)
                0x08006144                __ieee754_fmod
 .text.__ieee754_rem_pio2
                0x08006450      0x424 C:/ProgramData/MATLAB/SupportPackages/R2024b/3P.instrset/gnuarm-armcortex.instrset/win/bin/../lib/gcc/arm-none-eabi/13.2.1/thumb/v7e-m+fp/hard\libm.a(libm_a-e_rem_pio2.o)
                0x08006450                __ieee754_rem_pio2
 .text.fabs     0x08006874       0x10 C:/ProgramData/MATLAB/SupportPackages/R2024b/3P.instrset/gnuarm-armcortex.instrset/win/bin/../lib/gcc/arm-none-eabi/13.2.1/thumb/v7e-m+fp/hard\libm.a(libm_a-s_fabs.o)
                0x08006874                fabs
 *fill*         0x08006884        0x4 
 .text.__kernel_rem_pio2
                0x08006888      0x82c C:/ProgramData/MATLAB/SupportPackages/R2024b/3P.instrset/gnuarm-armcortex.instrset/win/bin/../lib/gcc/arm-none-eabi/13.2.1/thumb/v7e-m+fp/hard\libm.a(libm_a-k_rem_pio2.o)
                0x08006888                __kernel_rem_pio2
 *fill*         0x080070b4        0x4 
 .text.scalbn   0x080070b8      0x114 C:/ProgramData/MATLAB/SupportPackages/R2024b/3P.instrset/gnuarm-armcortex.instrset/win/bin/../lib/gcc/arm-none-eabi/13.2.1/thumb/v7e-m+fp/hard\libm.a(libm_a-s_scalbn.o)
                0x080070b8                scalbn
 .text.__udivmoddi4
                0x080071cc      0x2bc C:/ProgramData/MATLAB/SupportPackages/R2024b/3P.instrset/gnuarm-armcortex.instrset/win/bin/../lib/gcc/arm-none-eabi/13.2.1/thumb/v7e-m+fp/hard\libgcc.a(_udivmoddi4.o)
                0x080071cc                __udivmoddi4
 .text.memset   0x08007488       0x10 C:/ProgramData/MATLAB/SupportPackages/R2024b/3P.instrset/gnuarm-armcortex.instrset/win/bin/../lib/gcc/arm-none-eabi/13.2.1/thumb/v7e-m+fp/hard\libc_nano.a(libc_a-memset.o)
                0x08007488                memset
 .text.__errno  0x08007498        0xc C:/ProgramData/MATLAB/SupportPackages/R2024b/3P.instrset/gnuarm-armcortex.instrset/win/bin/../lib/gcc/arm-none-eabi/13.2.1/thumb/v7e-m+fp/hard\libc_nano.a(libc_a-errno.o)
                0x08007498                __errno
 .text.__libc_init_array
                0x080074a4       0x48 C:/ProgramData/MATLAB/SupportPackages/R2024b/3P.instrset/gnuarm-armcortex.instrset/win/bin/../lib/gcc/arm-none-eabi/13.2.1/thumb/v7e-m+fp/hard\libc_nano.a(libc_a-init.o)
                0x080074a4                __libc_init_array
 .text.memcpy   0x080074ec       0x1c C:/ProgramData/MATLAB/SupportPackages/R2024b/3P.instrset/gnuarm-armcortex.instrset/win/bin/../lib/gcc/arm-none-eabi/13.2.1/thumb/v7e-m+fp/hard\libc_nano.a(libc_a-memcpy-stub.o)
                0x080074ec                memcpy
 *(.glue_7)
 .glue_7        0x08007508        0x0 linker stubs
 *(.glue_7t)
 .glue_7t       0x08007508        0x0 linker stubs
 *(.eh_frame)
 .eh_frame      0x08007508        0x0 C:/ProgramData/MATLAB/SupportPackages/R2024b/3P.instrset/gnuarm-armcortex.instrset/win/bin/../lib/gcc/arm-none-eabi/13.2.1/thumb/v7e-m+fp/hard/crtbegin.o
 *(.init)
 .init          0x08007508        0x4 C:/ProgramData/MATLAB/SupportPackages/R2024b/3P.instrset/gnuarm-armcortex.instrset/win/bin/../lib/gcc/arm-none-eabi/13.2.1/thumb/v7e-m+fp/hard/crti.o
                0x08007508                _init
 .init          0x0800750c        0x8 C:/ProgramData/MATLAB/SupportPackages/R2024b/3P.instrset/gnuarm-armcortex.instrset/win/bin/../lib/gcc/arm-none-eabi/13.2.1/thumb/v7e-m+fp/hard/crtn.o
 *(.fini)
 .fini          0x08007514        0x4 C:/ProgramData/MATLAB/SupportPackages/R2024b/3P.instrset/gnuarm-armcortex.instrset/win/bin/../lib/gcc/arm-none-eabi/13.2.1/thumb/v7e-m+fp/hard/crti.o
                0x08007514                _fini
 .fini          0x08007518        0x8 C:/ProgramData/MATLAB/SupportPackages/R2024b/3P.instrset/gnuarm-armcortex.instrset/win/bin/../lib/gcc/arm-none-eabi/13.2.1/thumb/v7e-m+fp/hard/crtn.o
                0x08007520                        . = ALIGN (0x4)
                0x08007520                        _etext = .

.vfp11_veneer   0x08007520        0x0
 .vfp11_veneer  0x08007520        0x0 linker stubs

.v4_bx          0x08007520        0x0
 .v4_bx         0x08007520        0x0 linker stubs

.iplt           0x08007520        0x0
 .iplt          0x08007520        0x0 C:/ProgramData/MATLAB/SupportPackages/R2024b/3P.instrset/gnuarm-armcortex.instrset/win/bin/../lib/gcc/arm-none-eabi/13.2.1/thumb/v7e-m+fp/hard/crtbegin.o

.rodata         0x08007520      0x210
                0x08007520                        . = ALIGN (0x4)
 *(.rodata)
 *(.rodata*)
 .rodata.sads_balance_cubemodel_M
                0x08007520        0x4 sads_balance_cubemodel.o
                0x08007520                sads_balance_cubemodel_M
 .rodata.STREAM_OFFSET_TAB
                0x08007524        0x8 usart.o
 .rodata.AHBPrescTable
                0x0800752c       0x10 system_stm32f4xx.o
                0x0800752c                AHBPrescTable
 .rodata.APBPrescTable
                0x0800753c        0x8 system_stm32f4xx.o
                0x0800753c                APBPrescTable
 *fill*         0x08007544        0x4 
 .rodata.Zero   0x08007548       0x10 C:/ProgramData/MATLAB/SupportPackages/R2024b/3P.instrset/gnuarm-armcortex.instrset/win/bin/../lib/gcc/arm-none-eabi/13.2.1/thumb/v7e-m+fp/hard\libm.a(libm_a-e_fmod.o)
 .rodata.npio2_hw
                0x08007558       0x80 C:/ProgramData/MATLAB/SupportPackages/R2024b/3P.instrset/gnuarm-armcortex.instrset/win/bin/../lib/gcc/arm-none-eabi/13.2.1/thumb/v7e-m+fp/hard\libm.a(libm_a-e_rem_pio2.o)
 .rodata.two_over_pi
                0x080075d8      0x108 C:/ProgramData/MATLAB/SupportPackages/R2024b/3P.instrset/gnuarm-armcortex.instrset/win/bin/../lib/gcc/arm-none-eabi/13.2.1/thumb/v7e-m+fp/hard\libm.a(libm_a-e_rem_pio2.o)
 .rodata.PIo2   0x080076e0       0x40 C:/ProgramData/MATLAB/SupportPackages/R2024b/3P.instrset/gnuarm-armcortex.instrset/win/bin/../lib/gcc/arm-none-eabi/13.2.1/thumb/v7e-m+fp/hard\libm.a(libm_a-k_rem_pio2.o)
 .rodata.init_jk
                0x08007720       0x10 C:/ProgramData/MATLAB/SupportPackages/R2024b/3P.instrset/gnuarm-armcortex.instrset/win/bin/../lib/gcc/arm-none-eabi/13.2.1/thumb/v7e-m+fp/hard\libm.a(libm_a-k_rem_pio2.o)
                0x08007730                        . = ALIGN (0x4)

.ARM.extab      0x08007730        0x0
                0x08007730                        . = ALIGN (0x4)
 *(.ARM.extab* .gnu.linkonce.armextab.*)
                0x08007730                        . = ALIGN (0x4)

.ARM            0x08007730        0x8
                0x08007730                        . = ALIGN (0x4)
                0x08007730                        __exidx_start = .
 *(.ARM.exidx*)
 .ARM.exidx.text.__udivmoddi4
                0x08007730        0x8 C:/ProgramData/MATLAB/SupportPackages/R2024b/3P.instrset/gnuarm-armcortex.instrset/win/bin/../lib/gcc/arm-none-eabi/13.2.1/thumb/v7e-m+fp/hard\libgcc.a(_udivmoddi4.o)
                0x08007738                        __exidx_end = .
                0x08007738                        . = ALIGN (0x4)

.rel.dyn        0x08007738        0x0
 .rel.iplt      0x08007738        0x0 C:/ProgramData/MATLAB/SupportPackages/R2024b/3P.instrset/gnuarm-armcortex.instrset/win/bin/../lib/gcc/arm-none-eabi/13.2.1/thumb/v7e-m+fp/hard/crtbegin.o

.preinit_array  0x08007738        0x0
                0x08007738                        . = ALIGN (0x4)
                0x08007738                        PROVIDE (__preinit_array_start = .)
 *(.preinit_array*)
                0x08007738                        PROVIDE (__preinit_array_end = .)
                0x08007738                        . = ALIGN (0x4)

.init_array     0x08007738        0x4
                0x08007738                        . = ALIGN (0x4)
                0x08007738                        PROVIDE (__init_array_start = .)
 *(SORT_BY_NAME(.init_array.*))
 *(.init_array*)
 .init_array    0x08007738        0x4 C:/ProgramData/MATLAB/SupportPackages/R2024b/3P.instrset/gnuarm-armcortex.instrset/win/bin/../lib/gcc/arm-none-eabi/13.2.1/thumb/v7e-m+fp/hard/crtbegin.o
                0x0800773c                        PROVIDE (__init_array_end = .)
                0x0800773c                        . = ALIGN (0x4)

.fini_array     0x0800773c        0x4
                0x0800773c                        . = ALIGN (0x4)
                [!provide]                        PROVIDE (__fini_array_start = .)
 *(SORT_BY_NAME(.fini_array.*))
 *(.fini_array*)
 .fini_array    0x0800773c        0x4 C:/ProgramData/MATLAB/SupportPackages/R2024b/3P.instrset/gnuarm-armcortex.instrset/win/bin/../lib/gcc/arm-none-eabi/13.2.1/thumb/v7e-m+fp/hard/crtbegin.o
                [!provide]                        PROVIDE (__fini_array_end = .)
                0x08007740                        . = ALIGN (0x4)
                0x08007740                        _sidata = LOADADDR (.data)

.data           0x20000000       0xd4 load address 0x08007740
                0x20000000                        . = ALIGN (0x4)
                0x20000000                        _sdata = .
 *(.data)
 *(.data*)
 .data.sads_balance_cubemodel_P
                0x20000000       0x7c sads_balance_cubemodel_data.o
                0x20000000                sads_balance_cubemodel_P
 .data.uwTickFreq
                0x2000007c        0x1 stm32f4xx_hal.o
                0x2000007c                uwTickFreq
 *fill*         0x2000007d        0x3 
 .data.SystemCoreClock
                0x20000080        0x4 system_stm32f4xx.o
                0x20000080                SystemCoreClock
 .data._impure_ptr
                0x20000084        0x4 C:/ProgramData/MATLAB/SupportPackages/R2024b/3P.instrset/gnuarm-armcortex.instrset/win/bin/../lib/gcc/arm-none-eabi/13.2.1/thumb/v7e-m+fp/hard\libc_nano.a(libc_a-impure.o)
                0x20000084                _impure_ptr
 .data._impure_data
                0x20000088       0x4c C:/ProgramData/MATLAB/SupportPackages/R2024b/3P.instrset/gnuarm-armcortex.instrset/win/bin/../lib/gcc/arm-none-eabi/13.2.1/thumb/v7e-m+fp/hard\libc_nano.a(libc_a-impure.o)
                0x20000088                _impure_data
 *(.RamFunc)
 *(.RamFunc*)
                0x200000d4                        . = ALIGN (0x4)
                0x200000d4                        _edata = .

.tm_clone_table
                0x200000d4        0x0 load address 0x08007814
 .tm_clone_table
                0x200000d4        0x0 C:/ProgramData/MATLAB/SupportPackages/R2024b/3P.instrset/gnuarm-armcortex.instrset/win/bin/../lib/gcc/arm-none-eabi/13.2.1/thumb/v7e-m+fp/hard/crtbegin.o
 .tm_clone_table
                0x200000d4        0x0 C:/ProgramData/MATLAB/SupportPackages/R2024b/3P.instrset/gnuarm-armcortex.instrset/win/bin/../lib/gcc/arm-none-eabi/13.2.1/thumb/v7e-m+fp/hard/crtend.o

.igot.plt       0x200000d4        0x0 load address 0x08007814
 .igot.plt      0x200000d4        0x0 C:/ProgramData/MATLAB/SupportPackages/R2024b/3P.instrset/gnuarm-armcortex.instrset/win/bin/../lib/gcc/arm-none-eabi/13.2.1/thumb/v7e-m+fp/hard/crtbegin.o
                0x200000d4                        . = ALIGN (0x4)

.bss            0x200000d8      0x2d0 load address 0x08007814
                0x200000d8                        _sbss = .
                0x200000d8                        __bss_start__ = _sbss
 *(.bss)
 *(.bss*)
 .bss.completed.1
                0x200000d8        0x1 C:/ProgramData/MATLAB/SupportPackages/R2024b/3P.instrset/gnuarm-armcortex.instrset/win/bin/../lib/gcc/arm-none-eabi/13.2.1/thumb/v7e-m+fp/hard/crtbegin.o
 *fill*         0x200000d9        0x3 
 .bss.object.0  0x200000dc       0x18 C:/ProgramData/MATLAB/SupportPackages/R2024b/3P.instrset/gnuarm-armcortex.instrset/win/bin/../lib/gcc/arm-none-eabi/13.2.1/thumb/v7e-m+fp/hard/crtbegin.o
 .bss.mw_i2c1   0x200000f4       0x1c mw_stm32_i2c_v1_ll.o
 .bss.mw_i2c2   0x20000110       0x1c mw_stm32_i2c_v1_ll.o
 .bss.mw_i2c3   0x2000012c       0x1c mw_stm32_i2c_v1_ll.o
 .bss.IsrOverrun
                0x20000148        0x4 ert_main.o
                0x20000148                IsrOverrun
 .bss.OverrunFlag
                0x2000014c        0x1 ert_main.o
 .bss.stopRequested
                0x2000014d        0x1 ert_main.o
                0x2000014d                stopRequested
 .bss.runModel  0x2000014e        0x1 ert_main.o
                0x2000014e                runModel
 *fill*         0x2000014f        0x1 
 .bss.rtInf     0x20000150        0x8 rt_nonfinite.o
                0x20000150                rtInf
 .bss.rtMinusInf
                0x20000158        0x8 rt_nonfinite.o
                0x20000158                rtMinusInf
 .bss.rtNaN     0x20000160        0x8 rt_nonfinite.o
                0x20000160                rtNaN
 .bss.rtInfF    0x20000168        0x4 rt_nonfinite.o
                0x20000168                rtInfF
 .bss.rtMinusInfF
                0x2000016c        0x4 rt_nonfinite.o
                0x2000016c                rtMinusInfF
 .bss.rtNaNF    0x20000170        0x4 rt_nonfinite.o
                0x20000170                rtNaNF
 .bss.sads_balance_cubemodel_B
                0x20000174       0x24 sads_balance_cubemodel.o
                0x20000174                sads_balance_cubemodel_B
 .bss.sads_balance_cubemodel_DW
                0x20000198       0x7c sads_balance_cubemodel.o
                0x20000198                sads_balance_cubemodel_DW
 .bss.sads_balance_cubemodel_M_
                0x20000214        0x4 sads_balance_cubemodel.o
 .bss.schdl_counter
                0x20000218        0x4 SysTickScheduler.o
                0x20000218                schdl_counter
 .bss.schdl_counter_max
                0x2000021c        0x4 SysTickScheduler.o
                0x2000021c                schdl_counter_max
 .bss.taskToSchedule
                0x20000220        0x4 m3m4m4f_multitasking.o
                0x20000220                taskToSchedule
 .bss.htim5     0x20000224       0x48 stm32f4xx_hal_timebase_tim.o
                0x20000224                htim5
 .bss.uwTick    0x2000026c        0x4 stm32f4xx_hal.o
                0x2000026c                uwTick
 .bss.__sf      0x20000270      0x138 C:/ProgramData/MATLAB/SupportPackages/R2024b/3P.instrset/gnuarm-armcortex.instrset/win/bin/../lib/gcc/arm-none-eabi/13.2.1/thumb/v7e-m+fp/hard\libc_nano.a(libc_a-findfp.o)
                0x20000270                __sf
 *(COMMON)
                0x200003a8                        . = ALIGN (0x4)
                0x200003a8                        _ebss = .
                0x200003a8                        __bss_end__ = _ebss

._user_heap_stack
                0x200003a8      0x600 load address 0x08007814
                0x200003a8                        . = ALIGN (0x8)
                [!provide]                        PROVIDE (end = .)
                0x200003a8                        PROVIDE (_end = .)
                0x200005a8                        . = (. + _Min_Heap_Size)
 *fill*         0x200003a8      0x200 
                0x200009a8                        . = (. + _Min_Stack_Size)
 *fill*         0x200005a8      0x400 
                0x200009a8                        . = ALIGN (0x8)

/DISCARD/
 libc.a(*)
 libm.a(*)
 libgcc.a(*)

.ARM.attributes
                0x00000000       0x30
 *(.ARM.attributes)
 .ARM.attributes
                0x00000000       0x22 C:/ProgramData/MATLAB/SupportPackages/R2024b/3P.instrset/gnuarm-armcortex.instrset/win/bin/../lib/gcc/arm-none-eabi/13.2.1/thumb/v7e-m+fp/hard/crti.o
 .ARM.attributes
                0x00000022       0x34 C:/ProgramData/MATLAB/SupportPackages/R2024b/3P.instrset/gnuarm-armcortex.instrset/win/bin/../lib/gcc/arm-none-eabi/13.2.1/thumb/v7e-m+fp/hard/crtbegin.o
 .ARM.attributes
                0x00000056       0x34 mw_stm32_i2c_v1_ll.o
 .ARM.attributes
                0x0000008a       0x34 MTi_Driver.o
 .ARM.attributes
                0x000000be       0x34 xbus.o
 .ARM.attributes
                0x000000f2       0x34 ert_main.o
 .ARM.attributes
                0x00000126       0x34 rtGetInf.o
 .ARM.attributes
                0x0000015a       0x34 rtGetNaN.o
 .ARM.attributes
                0x0000018e       0x34 rt_nonfinite.o
 .ARM.attributes
                0x000001c2       0x34 sads_balance_cubemodel.o
 .ARM.attributes
                0x000001f6       0x34 sads_balance_cubemodel_data.o
 .ARM.attributes
                0x0000022a       0x34 platform_timer.o
 .ARM.attributes
                0x0000025e       0x34 SysTickScheduler.o
 .ARM.attributes
                0x00000292       0x34 m3m4m4f_multitasking.o
 .ARM.attributes
                0x000002c6       0x34 main.o
 .ARM.attributes
                0x000002fa       0x34 gpio.o
 .ARM.attributes
                0x0000032e       0x34 dma.o
 .ARM.attributes
                0x00000362       0x34 i2c.o
 .ARM.attributes
                0x00000396       0x34 tim.o
 .ARM.attributes
                0x000003ca       0x34 usart.o
 .ARM.attributes
                0x000003fe       0x34 stm32f4xx_it.o
 .ARM.attributes
                0x00000432       0x34 stm32f4xx_hal_msp.o
 .ARM.attributes
                0x00000466       0x34 stm32f4xx_hal_timebase_tim.o
 .ARM.attributes
                0x0000049a       0x34 stm32f4xx_ll_gpio.o
 .ARM.attributes
                0x000004ce       0x34 stm32f4xx_ll_i2c.o
 .ARM.attributes
                0x00000502       0x34 stm32f4xx_ll_rcc.o
 .ARM.attributes
                0x00000536       0x34 stm32f4xx_ll_utils.o
 .ARM.attributes
                0x0000056a       0x34 stm32f4xx_ll_exti.o
 .ARM.attributes
                0x0000059e       0x34 stm32f4xx_hal_rcc.o
 .ARM.attributes
                0x000005d2       0x34 stm32f4xx_hal_cortex.o
 .ARM.attributes
                0x00000606       0x34 stm32f4xx_hal.o
 .ARM.attributes
                0x0000063a       0x34 stm32f4xx_hal_tim.o
 .ARM.attributes
                0x0000066e       0x34 stm32f4xx_hal_tim_ex.o
 .ARM.attributes
                0x000006a2       0x34 stm32f4xx_ll_tim.o
 .ARM.attributes
                0x000006d6       0x34 stm32f4xx_ll_usart.o
 .ARM.attributes
                0x0000070a       0x34 system_stm32f4xx.o
 .ARM.attributes
                0x0000073e       0x21 startup_stm32f446retx.o
 .ARM.attributes
                0x0000075f       0x34 C:/ProgramData/MATLAB/SupportPackages/R2024b/3P.instrset/gnuarm-armcortex.instrset/win/bin/../lib/gcc/arm-none-eabi/13.2.1/thumb/v7e-m+fp/hard\libm.a(libm_a-w_fmod.o)
 .ARM.attributes
                0x00000793       0x34 C:/ProgramData/MATLAB/SupportPackages/R2024b/3P.instrset/gnuarm-armcortex.instrset/win/bin/../lib/gcc/arm-none-eabi/13.2.1/thumb/v7e-m+fp/hard\libm.a(libm_a-s_cos.o)
 .ARM.attributes
                0x000007c7       0x34 C:/ProgramData/MATLAB/SupportPackages/R2024b/3P.instrset/gnuarm-armcortex.instrset/win/bin/../lib/gcc/arm-none-eabi/13.2.1/thumb/v7e-m+fp/hard\libm.a(libm_a-s_sin.o)
 .ARM.attributes
                0x000007fb       0x34 C:/ProgramData/MATLAB/SupportPackages/R2024b/3P.instrset/gnuarm-armcortex.instrset/win/bin/../lib/gcc/arm-none-eabi/13.2.1/thumb/v7e-m+fp/hard\libm.a(libm_a-s_floor.o)
 .ARM.attributes
                0x0000082f       0x34 C:/ProgramData/MATLAB/SupportPackages/R2024b/3P.instrset/gnuarm-armcortex.instrset/win/bin/../lib/gcc/arm-none-eabi/13.2.1/thumb/v7e-m+fp/hard\libm.a(libm_a-k_cos.o)
 .ARM.attributes
                0x00000863       0x34 C:/ProgramData/MATLAB/SupportPackages/R2024b/3P.instrset/gnuarm-armcortex.instrset/win/bin/../lib/gcc/arm-none-eabi/13.2.1/thumb/v7e-m+fp/hard\libm.a(libm_a-k_sin.o)
 .ARM.attributes
                0x00000897       0x34 C:/ProgramData/MATLAB/SupportPackages/R2024b/3P.instrset/gnuarm-armcortex.instrset/win/bin/../lib/gcc/arm-none-eabi/13.2.1/thumb/v7e-m+fp/hard\libm.a(libm_a-e_fmod.o)
 .ARM.attributes
                0x000008cb       0x34 C:/ProgramData/MATLAB/SupportPackages/R2024b/3P.instrset/gnuarm-armcortex.instrset/win/bin/../lib/gcc/arm-none-eabi/13.2.1/thumb/v7e-m+fp/hard\libm.a(libm_a-e_rem_pio2.o)
 .ARM.attributes
                0x000008ff       0x34 C:/ProgramData/MATLAB/SupportPackages/R2024b/3P.instrset/gnuarm-armcortex.instrset/win/bin/../lib/gcc/arm-none-eabi/13.2.1/thumb/v7e-m+fp/hard\libm.a(libm_a-s_fabs.o)
 .ARM.attributes
                0x00000933       0x34 C:/ProgramData/MATLAB/SupportPackages/R2024b/3P.instrset/gnuarm-armcortex.instrset/win/bin/../lib/gcc/arm-none-eabi/13.2.1/thumb/v7e-m+fp/hard\libm.a(libm_a-k_rem_pio2.o)
 .ARM.attributes
                0x00000967       0x34 C:/ProgramData/MATLAB/SupportPackages/R2024b/3P.instrset/gnuarm-armcortex.instrset/win/bin/../lib/gcc/arm-none-eabi/13.2.1/thumb/v7e-m+fp/hard\libm.a(libm_a-s_scalbn.o)
 .ARM.attributes
                0x0000099b       0x22 C:/ProgramData/MATLAB/SupportPackages/R2024b/3P.instrset/gnuarm-armcortex.instrset/win/bin/../lib/gcc/arm-none-eabi/13.2.1/thumb/v7e-m+fp/hard\libgcc.a(_arm_addsubdf3.o)
 .ARM.attributes
                0x000009bd       0x22 C:/ProgramData/MATLAB/SupportPackages/R2024b/3P.instrset/gnuarm-armcortex.instrset/win/bin/../lib/gcc/arm-none-eabi/13.2.1/thumb/v7e-m+fp/hard\libgcc.a(_arm_muldivdf3.o)
 .ARM.attributes
                0x000009df       0x22 C:/ProgramData/MATLAB/SupportPackages/R2024b/3P.instrset/gnuarm-armcortex.instrset/win/bin/../lib/gcc/arm-none-eabi/13.2.1/thumb/v7e-m+fp/hard\libgcc.a(_arm_cmpdf2.o)
 .ARM.attributes
                0x00000a01       0x22 C:/ProgramData/MATLAB/SupportPackages/R2024b/3P.instrset/gnuarm-armcortex.instrset/win/bin/../lib/gcc/arm-none-eabi/13.2.1/thumb/v7e-m+fp/hard\libgcc.a(_arm_unorddf2.o)
 .ARM.attributes
                0x00000a23       0x22 C:/ProgramData/MATLAB/SupportPackages/R2024b/3P.instrset/gnuarm-armcortex.instrset/win/bin/../lib/gcc/arm-none-eabi/13.2.1/thumb/v7e-m+fp/hard\libgcc.a(_arm_fixdfsi.o)
 .ARM.attributes
                0x00000a45       0x22 C:/ProgramData/MATLAB/SupportPackages/R2024b/3P.instrset/gnuarm-armcortex.instrset/win/bin/../lib/gcc/arm-none-eabi/13.2.1/thumb/v7e-m+fp/hard\libgcc.a(_arm_truncdfsf2.o)
 .ARM.attributes
                0x00000a67       0x22 C:/ProgramData/MATLAB/SupportPackages/R2024b/3P.instrset/gnuarm-armcortex.instrset/win/bin/../lib/gcc/arm-none-eabi/13.2.1/thumb/v7e-m+fp/hard\libgcc.a(_aeabi_uldivmod.o)
 .ARM.attributes
                0x00000a89       0x34 C:/ProgramData/MATLAB/SupportPackages/R2024b/3P.instrset/gnuarm-armcortex.instrset/win/bin/../lib/gcc/arm-none-eabi/13.2.1/thumb/v7e-m+fp/hard\libgcc.a(_udivmoddi4.o)
 .ARM.attributes
                0x00000abd       0x22 C:/ProgramData/MATLAB/SupportPackages/R2024b/3P.instrset/gnuarm-armcortex.instrset/win/bin/../lib/gcc/arm-none-eabi/13.2.1/thumb/v7e-m+fp/hard\libgcc.a(_dvmd_tls.o)
 .ARM.attributes
                0x00000adf       0x34 C:/ProgramData/MATLAB/SupportPackages/R2024b/3P.instrset/gnuarm-armcortex.instrset/win/bin/../lib/gcc/arm-none-eabi/13.2.1/thumb/v7e-m+fp/hard\libc_nano.a(libc_a-findfp.o)
 .ARM.attributes
                0x00000b13       0x34 C:/ProgramData/MATLAB/SupportPackages/R2024b/3P.instrset/gnuarm-armcortex.instrset/win/bin/../lib/gcc/arm-none-eabi/13.2.1/thumb/v7e-m+fp/hard\libc_nano.a(libc_a-memset.o)
 .ARM.attributes
                0x00000b47       0x34 C:/ProgramData/MATLAB/SupportPackages/R2024b/3P.instrset/gnuarm-armcortex.instrset/win/bin/../lib/gcc/arm-none-eabi/13.2.1/thumb/v7e-m+fp/hard\libc_nano.a(libc_a-impure.o)
 .ARM.attributes
                0x00000b7b       0x34 C:/ProgramData/MATLAB/SupportPackages/R2024b/3P.instrset/gnuarm-armcortex.instrset/win/bin/../lib/gcc/arm-none-eabi/13.2.1/thumb/v7e-m+fp/hard\libc_nano.a(libc_a-errno.o)
 .ARM.attributes
                0x00000baf       0x34 C:/ProgramData/MATLAB/SupportPackages/R2024b/3P.instrset/gnuarm-armcortex.instrset/win/bin/../lib/gcc/arm-none-eabi/13.2.1/thumb/v7e-m+fp/hard\libc_nano.a(libc_a-init.o)
 .ARM.attributes
                0x00000be3       0x34 C:/ProgramData/MATLAB/SupportPackages/R2024b/3P.instrset/gnuarm-armcortex.instrset/win/bin/../lib/gcc/arm-none-eabi/13.2.1/thumb/v7e-m+fp/hard\libc_nano.a(libc_a-memcpy-stub.o)
 .ARM.attributes
                0x00000c17       0x34 C:/ProgramData/MATLAB/SupportPackages/R2024b/3P.instrset/gnuarm-armcortex.instrset/win/bin/../lib/gcc/arm-none-eabi/13.2.1/thumb/v7e-m+fp/hard/crtend.o
 .ARM.attributes
                0x00000c4b       0x22 C:/ProgramData/MATLAB/SupportPackages/R2024b/3P.instrset/gnuarm-armcortex.instrset/win/bin/../lib/gcc/arm-none-eabi/13.2.1/thumb/v7e-m+fp/hard/crtn.o
OUTPUT(../sads_balance_cubemodel.elf elf32-littlearm)
LOAD linker stubs
LOAD C:/ProgramData/MATLAB/SupportPackages/R2024b/3P.instrset/gnuarm-armcortex.instrset/win/bin/../lib/gcc/arm-none-eabi/13.2.1/thumb/v7e-m+fp/hard\libc.a
LOAD C:/ProgramData/MATLAB/SupportPackages/R2024b/3P.instrset/gnuarm-armcortex.instrset/win/bin/../lib/gcc/arm-none-eabi/13.2.1/thumb/v7e-m+fp/hard\libm.a
LOAD C:/ProgramData/MATLAB/SupportPackages/R2024b/3P.instrset/gnuarm-armcortex.instrset/win/bin/../lib/gcc/arm-none-eabi/13.2.1/thumb/v7e-m+fp/hard\libgcc.a

.comment        0x00000000       0x44
 .comment       0x00000000       0x44 mw_stm32_i2c_v1_ll.o
                                 0x45 (size before relaxing)
 .comment       0x00000044       0x45 MTi_Driver.o
 .comment       0x00000044       0x45 xbus.o
 .comment       0x00000044       0x45 ert_main.o
 .comment       0x00000044       0x45 rtGetInf.o
 .comment       0x00000044       0x45 rtGetNaN.o
 .comment       0x00000044       0x45 rt_nonfinite.o
 .comment       0x00000044       0x45 sads_balance_cubemodel.o
 .comment       0x00000044       0x45 sads_balance_cubemodel_data.o
 .comment       0x00000044       0x45 platform_timer.o
 .comment       0x00000044       0x45 SysTickScheduler.o
 .comment       0x00000044       0x45 m3m4m4f_multitasking.o
 .comment       0x00000044       0x45 main.o
 .comment       0x00000044       0x45 gpio.o
 .comment       0x00000044       0x45 dma.o
 .comment       0x00000044       0x45 i2c.o
 .comment       0x00000044       0x45 tim.o
 .comment       0x00000044       0x45 usart.o
 .comment       0x00000044       0x45 stm32f4xx_it.o
 .comment       0x00000044       0x45 stm32f4xx_hal_msp.o
 .comment       0x00000044       0x45 stm32f4xx_hal_timebase_tim.o
 .comment       0x00000044       0x45 stm32f4xx_ll_gpio.o
 .comment       0x00000044       0x45 stm32f4xx_ll_i2c.o
 .comment       0x00000044       0x45 stm32f4xx_ll_rcc.o
 .comment       0x00000044       0x45 stm32f4xx_ll_utils.o
 .comment       0x00000044       0x45 stm32f4xx_ll_exti.o
 .comment       0x00000044       0x45 stm32f4xx_hal_rcc.o
 .comment       0x00000044       0x45 stm32f4xx_hal_cortex.o
 .comment       0x00000044       0x45 stm32f4xx_hal.o
 .comment       0x00000044       0x45 stm32f4xx_hal_tim.o
 .comment       0x00000044       0x45 stm32f4xx_hal_tim_ex.o
 .comment       0x00000044       0x45 stm32f4xx_ll_tim.o
 .comment       0x00000044       0x45 stm32f4xx_ll_usart.o
 .comment       0x00000044       0x45 system_stm32f4xx.o

.debug_frame    0x00000000      0x708
 .debug_frame   0x00000000       0x4c C:/ProgramData/MATLAB/SupportPackages/R2024b/3P.instrset/gnuarm-armcortex.instrset/win/bin/../lib/gcc/arm-none-eabi/13.2.1/thumb/v7e-m+fp/hard\libm.a(libm_a-w_fmod.o)
 .debug_frame   0x0000004c       0x40 C:/ProgramData/MATLAB/SupportPackages/R2024b/3P.instrset/gnuarm-armcortex.instrset/win/bin/../lib/gcc/arm-none-eabi/13.2.1/thumb/v7e-m+fp/hard\libm.a(libm_a-s_cos.o)
 .debug_frame   0x0000008c       0x40 C:/ProgramData/MATLAB/SupportPackages/R2024b/3P.instrset/gnuarm-armcortex.instrset/win/bin/../lib/gcc/arm-none-eabi/13.2.1/thumb/v7e-m+fp/hard\libm.a(libm_a-s_sin.o)
 .debug_frame   0x000000cc       0x30 C:/ProgramData/MATLAB/SupportPackages/R2024b/3P.instrset/gnuarm-armcortex.instrset/win/bin/../lib/gcc/arm-none-eabi/13.2.1/thumb/v7e-m+fp/hard\libm.a(libm_a-s_floor.o)
 .debug_frame   0x000000fc       0x4c C:/ProgramData/MATLAB/SupportPackages/R2024b/3P.instrset/gnuarm-armcortex.instrset/win/bin/../lib/gcc/arm-none-eabi/13.2.1/thumb/v7e-m+fp/hard\libm.a(libm_a-k_cos.o)
 .debug_frame   0x00000148       0x48 C:/ProgramData/MATLAB/SupportPackages/R2024b/3P.instrset/gnuarm-armcortex.instrset/win/bin/../lib/gcc/arm-none-eabi/13.2.1/thumb/v7e-m+fp/hard\libm.a(libm_a-k_sin.o)
 .debug_frame   0x00000190       0x34 C:/ProgramData/MATLAB/SupportPackages/R2024b/3P.instrset/gnuarm-armcortex.instrset/win/bin/../lib/gcc/arm-none-eabi/13.2.1/thumb/v7e-m+fp/hard\libm.a(libm_a-e_fmod.o)
 .debug_frame   0x000001c4       0x40 C:/ProgramData/MATLAB/SupportPackages/R2024b/3P.instrset/gnuarm-armcortex.instrset/win/bin/../lib/gcc/arm-none-eabi/13.2.1/thumb/v7e-m+fp/hard\libm.a(libm_a-e_rem_pio2.o)
 .debug_frame   0x00000204       0x20 C:/ProgramData/MATLAB/SupportPackages/R2024b/3P.instrset/gnuarm-armcortex.instrset/win/bin/../lib/gcc/arm-none-eabi/13.2.1/thumb/v7e-m+fp/hard\libm.a(libm_a-s_fabs.o)
 .debug_frame   0x00000224       0x58 C:/ProgramData/MATLAB/SupportPackages/R2024b/3P.instrset/gnuarm-armcortex.instrset/win/bin/../lib/gcc/arm-none-eabi/13.2.1/thumb/v7e-m+fp/hard\libm.a(libm_a-k_rem_pio2.o)
 .debug_frame   0x0000027c       0x2c C:/ProgramData/MATLAB/SupportPackages/R2024b/3P.instrset/gnuarm-armcortex.instrset/win/bin/../lib/gcc/arm-none-eabi/13.2.1/thumb/v7e-m+fp/hard\libm.a(libm_a-s_scalbn.o)
 .debug_frame   0x000002a8       0xac C:/ProgramData/MATLAB/SupportPackages/R2024b/3P.instrset/gnuarm-armcortex.instrset/win/bin/../lib/gcc/arm-none-eabi/13.2.1/thumb/v7e-m+fp/hard\libgcc.a(_arm_addsubdf3.o)
 .debug_frame   0x00000354       0x50 C:/ProgramData/MATLAB/SupportPackages/R2024b/3P.instrset/gnuarm-armcortex.instrset/win/bin/../lib/gcc/arm-none-eabi/13.2.1/thumb/v7e-m+fp/hard\libgcc.a(_arm_muldivdf3.o)
 .debug_frame   0x000003a4       0xc4 C:/ProgramData/MATLAB/SupportPackages/R2024b/3P.instrset/gnuarm-armcortex.instrset/win/bin/../lib/gcc/arm-none-eabi/13.2.1/thumb/v7e-m+fp/hard\libgcc.a(_arm_cmpdf2.o)
 .debug_frame   0x00000468       0x20 C:/ProgramData/MATLAB/SupportPackages/R2024b/3P.instrset/gnuarm-armcortex.instrset/win/bin/../lib/gcc/arm-none-eabi/13.2.1/thumb/v7e-m+fp/hard\libgcc.a(_arm_unorddf2.o)
 .debug_frame   0x00000488       0x24 C:/ProgramData/MATLAB/SupportPackages/R2024b/3P.instrset/gnuarm-armcortex.instrset/win/bin/../lib/gcc/arm-none-eabi/13.2.1/thumb/v7e-m+fp/hard\libgcc.a(_arm_fixdfsi.o)
 .debug_frame   0x000004ac       0x24 C:/ProgramData/MATLAB/SupportPackages/R2024b/3P.instrset/gnuarm-armcortex.instrset/win/bin/../lib/gcc/arm-none-eabi/13.2.1/thumb/v7e-m+fp/hard\libgcc.a(_arm_truncdfsf2.o)
 .debug_frame   0x000004d0       0x2c C:/ProgramData/MATLAB/SupportPackages/R2024b/3P.instrset/gnuarm-armcortex.instrset/win/bin/../lib/gcc/arm-none-eabi/13.2.1/thumb/v7e-m+fp/hard\libgcc.a(_aeabi_uldivmod.o)
 .debug_frame   0x000004fc       0x34 C:/ProgramData/MATLAB/SupportPackages/R2024b/3P.instrset/gnuarm-armcortex.instrset/win/bin/../lib/gcc/arm-none-eabi/13.2.1/thumb/v7e-m+fp/hard\libgcc.a(_udivmoddi4.o)
 .debug_frame   0x00000530      0x144 C:/ProgramData/MATLAB/SupportPackages/R2024b/3P.instrset/gnuarm-armcortex.instrset/win/bin/../lib/gcc/arm-none-eabi/13.2.1/thumb/v7e-m+fp/hard\libc_nano.a(libc_a-findfp.o)
 .debug_frame   0x00000674       0x20 C:/ProgramData/MATLAB/SupportPackages/R2024b/3P.instrset/gnuarm-armcortex.instrset/win/bin/../lib/gcc/arm-none-eabi/13.2.1/thumb/v7e-m+fp/hard\libc_nano.a(libc_a-memset.o)
 .debug_frame   0x00000694       0x20 C:/ProgramData/MATLAB/SupportPackages/R2024b/3P.instrset/gnuarm-armcortex.instrset/win/bin/../lib/gcc/arm-none-eabi/13.2.1/thumb/v7e-m+fp/hard\libc_nano.a(libc_a-errno.o)
 .debug_frame   0x000006b4       0x2c C:/ProgramData/MATLAB/SupportPackages/R2024b/3P.instrset/gnuarm-armcortex.instrset/win/bin/../lib/gcc/arm-none-eabi/13.2.1/thumb/v7e-m+fp/hard\libc_nano.a(libc_a-init.o)
 .debug_frame   0x000006e0       0x28 C:/ProgramData/MATLAB/SupportPackages/R2024b/3P.instrset/gnuarm-armcortex.instrset/win/bin/../lib/gcc/arm-none-eabi/13.2.1/thumb/v7e-m+fp/hard\libc_nano.a(libc_a-memcpy-stub.o)

.debug_line_str
                0x00000000       0xe2
 .debug_line_str
                0x00000000       0xe2 C:/ProgramData/MATLAB/SupportPackages/R2024b/3P.instrset/gnuarm-armcortex.instrset/win/bin/../lib/gcc/arm-none-eabi/13.2.1/thumb/v7e-m+fp/hard\libgcc.a(_arm_addsubdf3.o)
                                 0xce (size before relaxing)
 .debug_line_str
                0x000000e2       0xce C:/ProgramData/MATLAB/SupportPackages/R2024b/3P.instrset/gnuarm-armcortex.instrset/win/bin/../lib/gcc/arm-none-eabi/13.2.1/thumb/v7e-m+fp/hard\libgcc.a(_arm_muldivdf3.o)
 .debug_line_str
                0x000000e2       0xce C:/ProgramData/MATLAB/SupportPackages/R2024b/3P.instrset/gnuarm-armcortex.instrset/win/bin/../lib/gcc/arm-none-eabi/13.2.1/thumb/v7e-m+fp/hard\libgcc.a(_arm_cmpdf2.o)
 .debug_line_str
                0x000000e2       0xce C:/ProgramData/MATLAB/SupportPackages/R2024b/3P.instrset/gnuarm-armcortex.instrset/win/bin/../lib/gcc/arm-none-eabi/13.2.1/thumb/v7e-m+fp/hard\libgcc.a(_arm_unorddf2.o)
 .debug_line_str
                0x000000e2       0xce C:/ProgramData/MATLAB/SupportPackages/R2024b/3P.instrset/gnuarm-armcortex.instrset/win/bin/../lib/gcc/arm-none-eabi/13.2.1/thumb/v7e-m+fp/hard\libgcc.a(_arm_fixdfsi.o)
 .debug_line_str
                0x000000e2       0xce C:/ProgramData/MATLAB/SupportPackages/R2024b/3P.instrset/gnuarm-armcortex.instrset/win/bin/../lib/gcc/arm-none-eabi/13.2.1/thumb/v7e-m+fp/hard\libgcc.a(_arm_truncdfsf2.o)
 .debug_line_str
                0x000000e2       0xc9 C:/ProgramData/MATLAB/SupportPackages/R2024b/3P.instrset/gnuarm-armcortex.instrset/win/bin/../lib/gcc/arm-none-eabi/13.2.1/thumb/v7e-m+fp/hard\libgcc.a(_aeabi_uldivmod.o)
 .debug_line_str
                0x000000e2       0xcd C:/ProgramData/MATLAB/SupportPackages/R2024b/3P.instrset/gnuarm-armcortex.instrset/win/bin/../lib/gcc/arm-none-eabi/13.2.1/thumb/v7e-m+fp/hard\libgcc.a(_dvmd_tls.o)
